[TripWise] TripWise API 正在启动...
2026-08-11 15:20:06,216 INFO sqlalchemy.engine.Engine select pg_catalog.version()
2026-08-11 15:20:06,216 INFO sqlalchemy.engine.Engine [raw sql] ()
2026-08-11 15:20:06,216 INFO sqlalchemy.engine.Engine select current_schema()
2026-08-11 15:20:06,216 INFO sqlalchemy.engine.Engine [raw sql] ()
2026-08-11 15:20:06,229 INFO sqlalchemy.engine.Engine show standard_conforming_strings
2026-08-11 15:20:06,229 INFO sqlalchemy.engine.Engine [raw sql] ()
2026-08-11 15:20:06,231 INFO sqlalchemy.engine.Engine BEGIN (implicit)
2026-08-11 15:20:06,238 INFO sqlalchemy.engine.Engine SELECT pg_catalog.pg_class.relname 
FROM pg_catalog.pg_class JOIN pg_catalog.pg_namespace ON pg_catalog.pg_namespace.oid = pg_catalog.pg_class.relnamespace 
WHERE pg_catalog.pg_class.relname = $1::VARCHAR AND pg_catalog.pg_class.relkind = ANY (ARRAY[$2::VARCHAR, $3::VARCHAR, $4::VARCHAR, $5::VARCHAR, $6::VARCHAR]) AND pg_catalog.pg_table_is_visible(pg_catalog.pg_class.oid) AND pg_catalog.pg_namespace.nspname != $7::VARCHAR
2026-08-11 15:20:06,240 INFO sqlalchemy.engine.Engine [generated in 0.00070s] ('users', 'r', 'p', 'f', 'v', 'm', 'pg_catalog')
2026-08-11 15:20:06,252 INFO sqlalchemy.engine.Engine SELECT pg_catalog.pg_class.relname 
FROM pg_catalog.pg_class JOIN pg_catalog.pg_namespace ON pg_catalog.pg_namespace.oid = pg_catalog.pg_class.relnamespace 
WHERE pg_catalog.pg_class.relname = $1::VARCHAR AND pg_catalog.pg_class.relkind = ANY (ARRAY[$2::VARCHAR, $3::VARCHAR, $4::VARCHAR, $5::VARCHAR, $6::VARCHAR]) AND pg_catalog.pg_table_is_visible(pg_catalog.pg_class.oid) AND pg_catalog.pg_namespace.nspname != $7::VARCHAR
2026-08-11 15:20:06,252 INFO sqlalchemy.engine.Engine [cached since 0.01493s ago] ('destinations', 'r', 'p', 'f', 'v', 'm', 'pg_catalog')
2026-08-11 15:20:06,252 INFO sqlalchemy.engine.Engine SELECT pg_catalog.pg_class.relname 
FROM pg_catalog.pg_class JOIN pg_catalog.pg_namespace ON pg_catalog.pg_namespace.oid = pg_catalog.pg_class.relnamespace 
WHERE pg_catalog.pg_class.relname = $1::VARCHAR AND pg_catalog.pg_class.relkind = ANY (ARRAY[$2::VARCHAR, $3::VARCHAR, $4::VARCHAR, $5::VARCHAR, $6::VARCHAR]) AND pg_catalog.pg_table_is_visible(pg_catalog.pg_class.oid) AND pg_catalog.pg_namespace.nspname != $7::VARCHAR
2026-08-11 15:20:06,256 INFO sqlalchemy.engine.Engine [cached since 0.01671s ago] ('trip_plans', 'r', 'p', 'f', 'v', 'm', 'pg_catalog')
2026-08-11 15:20:06,256 INFO sqlalchemy.engine.Engine SELECT pg_catalog.pg_class.relname 
FROM pg_catalog.pg_class JOIN pg_catalog.pg_namespace ON pg_catalog.pg_namespace.oid = pg_catalog.pg_class.relnamespace 
WHERE pg_catalog.pg_class.relname = $1::VARCHAR AND pg_catalog.pg_class.relkind = ANY (ARRAY[$2::VARCHAR, $3::VARCHAR, $4::VARCHAR, $5::VARCHAR, $6::VARCHAR]) AND pg_catalog.pg_table_is_visible(pg_catalog.pg_class.oid) AND pg_catalog.pg_namespace.nspname != $7::VARCHAR
2026-08-11 15:20:06,256 INFO sqlalchemy.engine.Engine [cached since 0.01848s ago] ('itinerary_items', 'r', 'p', 'f', 'v', 'm', 'pg_catalog')
2026-08-11 15:20:06,259 INFO sqlalchemy.engine.Engine COMMIT
[TripWise] 数据库连接已建立
[TripWise] Redis 缓存已连接
2026-08-11 15:20:06,261 INFO sqlalchemy.engine.Engine BEGIN (implicit)
2026-08-11 15:20:06,268 INFO sqlalchemy.engine.Engine SELECT trip_plans.id, trip_plans.user_id, trip_plans.title, trip_plans.start_date, trip_plans.end_date, trip_plans.destinations, trip_plans.preferences, trip_plans.total_budget, trip_plans.group_size, trip_plans.status, trip_plans.created_at, trip_plans.updated_at 
FROM trip_plans
2026-08-11 15:20:06,268 INFO sqlalchemy.engine.Engine [generated in 0.00050s] ()
2026-08-11 15:20:06,274 INFO sqlalchemy.engine.Engine COMMIT
[TripWise] 行程状态已更新
INFO:     127.0.0.1:63188 - "OPTIONS /api/auth/me HTTP/1.1" 200 OK
INFO:     127.0.0.1:64416 - "OPTIONS /api/auth/me HTTP/1.1" 200 OK
INFO:     127.0.0.1:63188 - "GET /api/auth/me HTTP/1.1" 401 Unauthorized
INFO:     127.0.0.1:63188 - "GET /api/auth/me HTTP/1.1" 401 Unauthorized
INFO:     127.0.0.1:54348 - "POST /api/auth/login HTTP/1.1" 422 Unprocessable Entity
INFO:     127.0.0.1:53074 - "OPTIONS /api/auth/login HTTP/1.1" 200 OK
2026-08-11 15:25:11,967 INFO sqlalchemy.engine.Engine BEGIN (implicit)
2026-08-11 15:25:11,978 INFO sqlalchemy.engine.Engine SELECT users.id, users.username, users.email, users.hashed_password, users.avatar_url, users.preferences, users.created_at, users.updated_at, users.is_active 
FROM users 
WHERE users.username = $1::VARCHAR
2026-08-11 15:25:11,978 INFO sqlalchemy.engine.Engine [generated in 0.00084s] ('demo_user',)
2026-08-11 15:25:12,443 INFO sqlalchemy.engine.Engine ROLLBACK
INFO:     127.0.0.1:53074 - "POST /api/auth/login HTTP/1.1" 200 OK
2026-08-11 15:25:12,451 INFO sqlalchemy.engine.Engine BEGIN (implicit)
2026-08-11 15:25:12,451 INFO sqlalchemy.engine.Engine SELECT users.id, users.username, users.email, users.hashed_password, users.avatar_url, users.preferences, users.created_at, users.updated_at, users.is_active 
FROM users 
WHERE users.id = $1::UUID
2026-08-11 15:25:12,451 INFO sqlalchemy.engine.Engine [generated in 0.00051s] ('c0000001-0000-0000-0000-000000000000',)
2026-08-11 15:25:12,459 INFO sqlalchemy.engine.Engine ROLLBACK
INFO:     127.0.0.1:53074 - "GET /api/auth/me HTTP/1.1" 200 OK
INFO:     127.0.0.1:53074 - "OPTIONS /api/trips HTTP/1.1" 200 OK
INFO:     127.0.0.1:63408 - "OPTIONS /api/trips HTTP/1.1" 200 OK
INFO:     127.0.0.1:63408 - "GET /api/trips HTTP/1.1" 307 Temporary Redirect
INFO:     127.0.0.1:53074 - "GET /api/trips HTTP/1.1" 307 Temporary Redirect
INFO:     127.0.0.1:63408 - "OPTIONS /api/trips/ HTTP/1.1" 200 OK
2026-08-11 15:25:12,510 INFO sqlalchemy.engine.Engine BEGIN (implicit)
2026-08-11 15:25:12,510 INFO sqlalchemy.engine.Engine SELECT users.id, users.username, users.email, users.hashed_password, users.avatar_url, users.preferences, users.created_at, users.updated_at, users.is_active 
FROM users 
WHERE users.id = $1::UUID
2026-08-11 15:25:12,510 INFO sqlalchemy.engine.Engine [cached since 0.05668s ago] ('c0000001-0000-0000-0000-000000000000',)
2026-08-11 15:25:12,510 INFO sqlalchemy.engine.Engine SELECT trip_plans.id, trip_plans.user_id, trip_plans.title, trip_plans.start_date, trip_plans.end_date, trip_plans.destinations, trip_plans.preferences, trip_plans.total_budget, trip_plans.group_size, trip_plans.status, trip_plans.created_at, trip_plans.updated_at 
FROM trip_plans
2026-08-11 15:25:12,517 INFO sqlalchemy.engine.Engine [cached since 306.2s ago] ()
2026-08-11 15:25:12,517 INFO sqlalchemy.engine.Engine COMMIT
2026-08-11 15:25:12,517 INFO sqlalchemy.engine.Engine BEGIN (implicit)
2026-08-11 15:25:12,517 INFO sqlalchemy.engine.Engine SELECT trip_plans.id, trip_plans.user_id, trip_plans.title, trip_plans.start_date, trip_plans.end_date, trip_plans.destinations, trip_plans.preferences, trip_plans.total_budget, trip_plans.group_size, trip_plans.status, trip_plans.created_at, trip_plans.updated_at 
FROM trip_plans 
WHERE trip_plans.user_id = $1::UUID ORDER BY trip_plans.updated_at DESC 
 LIMIT $2::INTEGER OFFSET $3::INTEGER
2026-08-11 15:25:12,517 INFO sqlalchemy.engine.Engine [generated in 0.00043s] ('c0000001-0000-0000-0000-000000000000', 20, 0)
2026-08-11 15:25:12,525 INFO sqlalchemy.engine.Engine ROLLBACK
INFO:     127.0.0.1:53074 - "GET /api/trips/ HTTP/1.1" 200 OK
2026-08-11 15:25:12,525 INFO sqlalchemy.engine.Engine BEGIN (implicit)
2026-08-11 15:25:12,525 INFO sqlalchemy.engine.Engine SELECT users.id, users.username, users.email, users.hashed_password, users.avatar_url, users.preferences, users.created_at, users.updated_at, users.is_active 
FROM users 
WHERE users.id = $1::UUID
2026-08-11 15:25:12,525 INFO sqlalchemy.engine.Engine [cached since 0.07171s ago] ('c0000001-0000-0000-0000-000000000000',)
2026-08-11 15:25:12,525 INFO sqlalchemy.engine.Engine SELECT trip_plans.id, trip_plans.user_id, trip_plans.title, trip_plans.start_date, trip_plans.end_date, trip_plans.destinations, trip_plans.preferences, trip_plans.total_budget, trip_plans.group_size, trip_plans.status, trip_plans.created_at, trip_plans.updated_at 
FROM trip_plans
2026-08-11 15:25:12,525 INFO sqlalchemy.engine.Engine [cached since 306.3s ago] ()
2026-08-11 15:25:12,533 INFO sqlalchemy.engine.Engine COMMIT
2026-08-11 15:25:12,533 INFO sqlalchemy.engine.Engine BEGIN (implicit)
2026-08-11 15:25:12,533 INFO sqlalchemy.engine.Engine SELECT trip_plans.id, trip_plans.user_id, trip_plans.title, trip_plans.start_date, trip_plans.end_date, trip_plans.destinations, trip_plans.preferences, trip_plans.total_budget, trip_plans.group_size, trip_plans.status, trip_plans.created_at, trip_plans.updated_at 
FROM trip_plans 
WHERE trip_plans.user_id = $1::UUID ORDER BY trip_plans.updated_at DESC 
 LIMIT $2::INTEGER OFFSET $3::INTEGER
2026-08-11 15:25:12,533 INFO sqlalchemy.engine.Engine [cached since 0.01372s ago] ('c0000001-0000-0000-0000-000000000000', 20, 0)
2026-08-11 15:25:12,533 INFO sqlalchemy.engine.Engine ROLLBACK
INFO:     127.0.0.1:63408 - "GET /api/trips/ HTTP/1.1" 200 OK
2026-08-11 15:25:14,050 INFO sqlalchemy.engine.Engine BEGIN (implicit)
2026-08-11 15:25:14,050 INFO sqlalchemy.engine.Engine SELECT users.id, users.username, users.email, users.hashed_password, users.avatar_url, users.preferences, users.created_at, users.updated_at, users.is_active 
FROM users 
WHERE users.id = $1::UUID
2026-08-11 15:25:14,052 INFO sqlalchemy.engine.Engine [cached since 1.595s ago] ('c0000001-0000-0000-0000-000000000000',)
2026-08-11 15:25:14,056 INFO sqlalchemy.engine.Engine ROLLBACK
INFO:     127.0.0.1:63408 - "GET /api/auth/me HTTP/1.1" 200 OK
2026-08-11 15:25:14,056 INFO sqlalchemy.engine.Engine BEGIN (implicit)
2026-08-11 15:25:14,056 INFO sqlalchemy.engine.Engine SELECT users.id, users.username, users.email, users.hashed_password, users.avatar_url, users.preferences, users.created_at, users.updated_at, users.is_active 
FROM users 
WHERE users.id = $1::UUID
2026-08-11 15:25:14,056 INFO sqlalchemy.engine.Engine [cached since 1.605s ago] ('c0000001-0000-0000-0000-000000000000',)
2026-08-11 15:25:14,064 INFO sqlalchemy.engine.Engine ROLLBACK
INFO:     127.0.0.1:53074 - "GET /api/auth/me HTTP/1.1" 200 OK
INFO:     127.0.0.1:53074 - "GET /api/trips HTTP/1.1" 307 Temporary Redirect
INFO:     127.0.0.1:63408 - "GET /api/trips HTTP/1.1" 307 Temporary Redirect
2026-08-11 15:25:17,099 INFO sqlalchemy.engine.Engine BEGIN (implicit)
2026-08-11 15:25:17,101 INFO sqlalchemy.engine.Engine SELECT users.id, users.username, users.email, users.hashed_password, users.avatar_url, users.preferences, users.created_at, users.updated_at, users.is_active 
FROM users 
WHERE users.id = $1::UUID
2026-08-11 15:25:17,101 INFO sqlalchemy.engine.Engine [cached since 4.645s ago] ('c0000001-0000-0000-0000-000000000000',)
2026-08-11 15:25:17,101 INFO sqlalchemy.engine.Engine SELECT trip_plans.id, trip_plans.user_id, trip_plans.title, trip_plans.start_date, trip_plans.end_date, trip_plans.destinations, trip_plans.preferences, trip_plans.total_budget, trip_plans.group_size, trip_plans.status, trip_plans.created_at, trip_plans.updated_at 
FROM trip_plans
2026-08-11 15:25:17,101 INFO sqlalchemy.engine.Engine [cached since 310.8s ago] ()
2026-08-11 15:25:17,107 INFO sqlalchemy.engine.Engine COMMIT
2026-08-11 15:25:17,107 INFO sqlalchemy.engine.Engine BEGIN (implicit)
2026-08-11 15:25:17,107 INFO sqlalchemy.engine.Engine SELECT trip_plans.id, trip_plans.user_id, trip_plans.title, trip_plans.start_date, trip_plans.end_date, trip_plans.destinations, trip_plans.preferences, trip_plans.total_budget, trip_plans.group_size, trip_plans.status, trip_plans.created_at, trip_plans.updated_at 
FROM trip_plans 
WHERE trip_plans.user_id = $1::UUID ORDER BY trip_plans.updated_at DESC 
 LIMIT $2::INTEGER OFFSET $3::INTEGER
2026-08-11 15:25:17,107 INFO sqlalchemy.engine.Engine [cached since 4.589s ago] ('c0000001-0000-0000-0000-000000000000', 20, 0)
2026-08-11 15:25:17,107 INFO sqlalchemy.engine.Engine ROLLBACK
INFO:     127.0.0.1:63408 - "GET /api/trips/ HTTP/1.1" 200 OK
2026-08-11 15:25:17,118 INFO sqlalchemy.engine.Engine BEGIN (implicit)
2026-08-11 15:25:17,118 INFO sqlalchemy.engine.Engine SELECT users.id, users.username, users.email, users.hashed_password, users.avatar_url, users.preferences, users.created_at, users.updated_at, users.is_active 
FROM users 
WHERE users.id = $1::UUID
2026-08-11 15:25:17,118 INFO sqlalchemy.engine.Engine [cached since 4.662s ago] ('c0000001-0000-0000-0000-000000000000',)
2026-08-11 15:25:17,118 INFO sqlalchemy.engine.Engine SELECT trip_plans.id, trip_plans.user_id, trip_plans.title, trip_plans.start_date, trip_plans.end_date, trip_plans.destinations, trip_plans.preferences, trip_plans.total_budget, trip_plans.group_size, trip_plans.status, trip_plans.created_at, trip_plans.updated_at 
FROM trip_plans
2026-08-11 15:25:17,118 INFO sqlalchemy.engine.Engine [cached since 310.9s ago] ()
2026-08-11 15:25:17,123 INFO sqlalchemy.engine.Engine COMMIT
2026-08-11 15:25:17,123 INFO sqlalchemy.engine.Engine BEGIN (implicit)
2026-08-11 15:25:17,123 INFO sqlalchemy.engine.Engine SELECT trip_plans.id, trip_plans.user_id, trip_plans.title, trip_plans.start_date, trip_plans.end_date, trip_plans.destinations, trip_plans.preferences, trip_plans.total_budget, trip_plans.group_size, trip_plans.status, trip_plans.created_at, trip_plans.updated_at 
FROM trip_plans 
WHERE trip_plans.user_id = $1::UUID ORDER BY trip_plans.updated_at DESC 
 LIMIT $2::INTEGER OFFSET $3::INTEGER
2026-08-11 15:25:17,123 INFO sqlalchemy.engine.Engine [cached since 4.604s ago] ('c0000001-0000-0000-0000-000000000000', 20, 0)
2026-08-11 15:25:17,123 INFO sqlalchemy.engine.Engine ROLLBACK
INFO:     127.0.0.1:53074 - "GET /api/trips/ HTTP/1.1" 200 OK
2026-08-11 15:25:23,689 INFO sqlalchemy.engine.Engine BEGIN (implicit)
2026-08-11 15:25:23,692 INFO sqlalchemy.engine.Engine SELECT users.id, users.username, users.email, users.hashed_password, users.avatar_url, users.preferences, users.created_at, users.updated_at, users.is_active 
FROM users 
WHERE users.id = $1::UUID
2026-08-11 15:25:23,692 INFO sqlalchemy.engine.Engine [cached since 11.24s ago] ('c0000001-0000-0000-0000-000000000000',)
2026-08-11 15:25:23,697 INFO sqlalchemy.engine.Engine ROLLBACK
INFO:     127.0.0.1:50766 - "GET /api/auth/me HTTP/1.1" 200 OK
2026-08-11 15:25:23,704 INFO sqlalchemy.engine.Engine BEGIN (implicit)
2026-08-11 15:25:23,706 INFO sqlalchemy.engine.Engine SELECT users.id, users.username, users.email, users.hashed_password, users.avatar_url, users.preferences, users.created_at, users.updated_at, users.is_active 
FROM users 
WHERE users.id = $1::UUID
2026-08-11 15:25:23,706 INFO sqlalchemy.engine.Engine [cached since 11.25s ago] ('c0000001-0000-0000-0000-000000000000',)
2026-08-11 15:25:23,706 INFO sqlalchemy.engine.Engine ROLLBACK
INFO:     127.0.0.1:50766 - "GET /api/auth/me HTTP/1.1" 200 OK
INFO:     127.0.0.1:50800 - "GET /api/trips HTTP/1.1" 307 Temporary Redirect
INFO:     127.0.0.1:63133 - "GET /api/trips HTTP/1.1" 307 Temporary Redirect
2026-08-11 15:25:29,460 INFO sqlalchemy.engine.Engine BEGIN (implicit)
2026-08-11 15:25:29,460 INFO sqlalchemy.engine.Engine SELECT users.id, users.username, users.email, users.hashed_password, users.avatar_url, users.preferences, users.created_at, users.updated_at, users.is_active 
FROM users 
WHERE users.id = $1::UUID
2026-08-11 15:25:29,462 INFO sqlalchemy.engine.Engine [cached since 17s ago] ('c0000001-0000-0000-0000-000000000000',)
2026-08-11 15:25:29,464 INFO sqlalchemy.engine.Engine SELECT trip_plans.id, trip_plans.user_id, trip_plans.title, trip_plans.start_date, trip_plans.end_date, trip_plans.destinations, trip_plans.preferences, trip_plans.total_budget, trip_plans.group_size, trip_plans.status, trip_plans.created_at, trip_plans.updated_at 
FROM trip_plans
2026-08-11 15:25:29,465 INFO sqlalchemy.engine.Engine [cached since 323.2s ago] ()
2026-08-11 15:25:29,469 INFO sqlalchemy.engine.Engine COMMIT
2026-08-11 15:25:29,469 INFO sqlalchemy.engine.Engine BEGIN (implicit)
2026-08-11 15:25:29,471 INFO sqlalchemy.engine.Engine SELECT trip_plans.id, trip_plans.user_id, trip_plans.title, trip_plans.start_date, trip_plans.end_date, trip_plans.destinations, trip_plans.preferences, trip_plans.total_budget, trip_plans.group_size, trip_plans.status, trip_plans.created_at, trip_plans.updated_at 
FROM trip_plans 
WHERE trip_plans.user_id = $1::UUID ORDER BY trip_plans.updated_at DESC 
 LIMIT $2::INTEGER OFFSET $3::INTEGER
2026-08-11 15:25:29,472 INFO sqlalchemy.engine.Engine [cached since 16.95s ago] ('c0000001-0000-0000-0000-000000000000', 20, 0)
2026-08-11 15:25:29,474 INFO sqlalchemy.engine.Engine ROLLBACK
INFO:     127.0.0.1:63133 - "GET /api/trips/ HTTP/1.1" 200 OK
2026-08-11 15:25:29,480 INFO sqlalchemy.engine.Engine BEGIN (implicit)
2026-08-11 15:25:29,480 INFO sqlalchemy.engine.Engine SELECT users.id, users.username, users.email, users.hashed_password, users.avatar_url, users.preferences, users.created_at, users.updated_at, users.is_active 
FROM users 
WHERE users.id = $1::UUID
2026-08-11 15:25:29,482 INFO sqlalchemy.engine.Engine [cached since 17.02s ago] ('c0000001-0000-0000-0000-000000000000',)
2026-08-11 15:25:29,482 INFO sqlalchemy.engine.Engine SELECT trip_plans.id, trip_plans.user_id, trip_plans.title, trip_plans.start_date, trip_plans.end_date, trip_plans.destinations, trip_plans.preferences, trip_plans.total_budget, trip_plans.group_size, trip_plans.status, trip_plans.created_at, trip_plans.updated_at 
FROM trip_plans
2026-08-11 15:25:29,482 INFO sqlalchemy.engine.Engine [cached since 323.2s ago] ()
2026-08-11 15:25:29,485 INFO sqlalchemy.engine.Engine COMMIT
2026-08-11 15:25:29,487 INFO sqlalchemy.engine.Engine BEGIN (implicit)
2026-08-11 15:25:29,488 INFO sqlalchemy.engine.Engine SELECT trip_plans.id, trip_plans.user_id, trip_plans.title, trip_plans.start_date, trip_plans.end_date, trip_plans.destinations, trip_plans.preferences, trip_plans.total_budget, trip_plans.group_size, trip_plans.status, trip_plans.created_at, trip_plans.updated_at 
FROM trip_plans 
WHERE trip_plans.user_id = $1::UUID ORDER BY trip_plans.updated_at DESC 
 LIMIT $2::INTEGER OFFSET $3::INTEGER
2026-08-11 15:25:29,488 INFO sqlalchemy.engine.Engine [cached since 16.97s ago] ('c0000001-0000-0000-0000-000000000000', 20, 0)
2026-08-11 15:25:29,490 INFO sqlalchemy.engine.Engine ROLLBACK
INFO:     127.0.0.1:50800 - "GET /api/trips/ HTTP/1.1" 200 OK
2026-08-11 15:25:30,716 INFO sqlalchemy.engine.Engine BEGIN (implicit)
2026-08-11 15:25:30,724 INFO sqlalchemy.engine.Engine SELECT users.id, users.username, users.email, users.hashed_password, users.avatar_url, users.preferences, users.created_at, users.updated_at, users.is_active 
FROM users 
WHERE users.id = $1::UUID
2026-08-11 15:25:30,724 INFO sqlalchemy.engine.Engine [cached since 18.27s ago] ('c0000001-0000-0000-0000-000000000000',)
2026-08-11 15:25:30,724 INFO sqlalchemy.engine.Engine ROLLBACK
INFO:     127.0.0.1:50800 - "GET /api/auth/me HTTP/1.1" 200 OK
2026-08-11 15:25:30,732 INFO sqlalchemy.engine.Engine BEGIN (implicit)
2026-08-11 15:25:30,732 INFO sqlalchemy.engine.Engine SELECT users.id, users.username, users.email, users.hashed_password, users.avatar_url, users.preferences, users.created_at, users.updated_at, users.is_active 
FROM users 
WHERE users.id = $1::UUID
2026-08-11 15:25:30,732 INFO sqlalchemy.engine.Engine [cached since 18.28s ago] ('c0000001-0000-0000-0000-000000000000',)
2026-08-11 15:25:30,732 INFO sqlalchemy.engine.Engine ROLLBACK
INFO:     127.0.0.1:63133 - "GET /api/auth/me HTTP/1.1" 200 OK
2026-08-11 15:25:34,203 INFO sqlalchemy.engine.Engine BEGIN (implicit)
2026-08-11 15:25:34,205 INFO sqlalchemy.engine.Engine SELECT users.id, users.username, users.email, users.hashed_password, users.avatar_url, users.preferences, users.created_at, users.updated_at, users.is_active 
FROM users 
WHERE users.id = $1::UUID
2026-08-11 15:25:34,205 INFO sqlalchemy.engine.Engine [cached since 21.75s ago] ('c0000001-0000-0000-0000-000000000000',)
2026-08-11 15:25:34,212 INFO sqlalchemy.engine.Engine ROLLBACK
INFO:     127.0.0.1:63133 - "GET /api/auth/me HTTP/1.1" 200 OK
2026-08-11 15:25:34,216 INFO sqlalchemy.engine.Engine BEGIN (implicit)
2026-08-11 15:25:34,216 INFO sqlalchemy.engine.Engine SELECT users.id, users.username, users.email, users.hashed_password, users.avatar_url, users.preferences, users.created_at, users.updated_at, users.is_active 
FROM users 
WHERE users.id = $1::UUID
2026-08-11 15:25:34,216 INFO sqlalchemy.engine.Engine [cached since 21.76s ago] ('c0000001-0000-0000-0000-000000000000',)
2026-08-11 15:25:34,220 INFO sqlalchemy.engine.Engine ROLLBACK
INFO:     127.0.0.1:50800 - "GET /api/auth/me HTTP/1.1" 200 OK
2026-08-11 15:25:37,008 INFO sqlalchemy.engine.Engine BEGIN (implicit)
2026-08-11 15:25:37,016 INFO sqlalchemy.engine.Engine SELECT users.id, users.username, users.email, users.hashed_password, users.avatar_url, users.preferences, users.created_at, users.updated_at, users.is_active 
FROM users 
WHERE users.id = $1::UUID
2026-08-11 15:25:37,017 INFO sqlalchemy.engine.Engine [cached since 24.56s ago] ('c0000001-0000-0000-0000-000000000000',)
2026-08-11 15:25:37,021 INFO sqlalchemy.engine.Engine ROLLBACK
INFO:     127.0.0.1:50800 - "GET /api/auth/me HTTP/1.1" 200 OK
2026-08-11 15:25:37,029 INFO sqlalchemy.engine.Engine BEGIN (implicit)
2026-08-11 15:25:37,030 INFO sqlalchemy.engine.Engine SELECT users.id, users.username, users.email, users.hashed_password, users.avatar_url, users.preferences, users.created_at, users.updated_at, users.is_active 
FROM users 
WHERE users.id = $1::UUID
2026-08-11 15:25:37,030 INFO sqlalchemy.engine.Engine [cached since 24.57s ago] ('c0000001-0000-0000-0000-000000000000',)
2026-08-11 15:25:37,030 INFO sqlalchemy.engine.Engine ROLLBACK
INFO:     127.0.0.1:63133 - "GET /api/auth/me HTTP/1.1" 200 OK
INFO:     127.0.0.1:63133 - "GET /api/trips HTTP/1.1" 307 Temporary Redirect
INFO:     127.0.0.1:50800 - "GET /api/trips HTTP/1.1" 307 Temporary Redirect
2026-08-11 15:25:38,397 INFO sqlalchemy.engine.Engine BEGIN (implicit)
2026-08-11 15:25:38,397 INFO sqlalchemy.engine.Engine SELECT users.id, users.username, users.email, users.hashed_password, users.avatar_url, users.preferences, users.created_at, users.updated_at, users.is_active 
FROM users 
WHERE users.id = $1::UUID
2026-08-11 15:25:38,397 INFO sqlalchemy.engine.Engine [cached since 25.94s ago] ('c0000001-0000-0000-0000-000000000000',)
2026-08-11 15:25:38,400 INFO sqlalchemy.engine.Engine SELECT trip_plans.id, trip_plans.user_id, trip_plans.title, trip_plans.start_date, trip_plans.end_date, trip_plans.destinations, trip_plans.preferences, trip_plans.total_budget, trip_plans.group_size, trip_plans.status, trip_plans.created_at, trip_plans.updated_at 
FROM trip_plans
2026-08-11 15:25:38,400 INFO sqlalchemy.engine.Engine [cached since 332.1s ago] ()
2026-08-11 15:25:38,400 INFO sqlalchemy.engine.Engine COMMIT
2026-08-11 15:25:38,410 INFO sqlalchemy.engine.Engine BEGIN (implicit)
2026-08-11 15:25:38,410 INFO sqlalchemy.engine.Engine SELECT trip_plans.id, trip_plans.user_id, trip_plans.title, trip_plans.start_date, trip_plans.end_date, trip_plans.destinations, trip_plans.preferences, trip_plans.total_budget, trip_plans.group_size, trip_plans.status, trip_plans.created_at, trip_plans.updated_at 
FROM trip_plans 
WHERE trip_plans.user_id = $1::UUID ORDER BY trip_plans.updated_at DESC 
 LIMIT $2::INTEGER OFFSET $3::INTEGER
2026-08-11 15:25:38,412 INFO sqlalchemy.engine.Engine [cached since 25.89s ago] ('c0000001-0000-0000-0000-000000000000', 20, 0)
2026-08-11 15:25:38,414 INFO sqlalchemy.engine.Engine ROLLBACK
INFO:     127.0.0.1:50800 - "GET /api/trips/ HTTP/1.1" 200 OK
2026-08-11 15:25:38,416 INFO sqlalchemy.engine.Engine BEGIN (implicit)
2026-08-11 15:25:38,416 INFO sqlalchemy.engine.Engine SELECT users.id, users.username, users.email, users.hashed_password, users.avatar_url, users.preferences, users.created_at, users.updated_at, users.is_active 
FROM users 
WHERE users.id = $1::UUID
2026-08-11 15:25:38,416 INFO sqlalchemy.engine.Engine [cached since 25.96s ago] ('c0000001-0000-0000-0000-000000000000',)
2026-08-11 15:25:38,416 INFO sqlalchemy.engine.Engine SELECT trip_plans.id, trip_plans.user_id, trip_plans.title, trip_plans.start_date, trip_plans.end_date, trip_plans.destinations, trip_plans.preferences, trip_plans.total_budget, trip_plans.group_size, trip_plans.status, trip_plans.created_at, trip_plans.updated_at 
FROM trip_plans
2026-08-11 15:25:38,416 INFO sqlalchemy.engine.Engine [cached since 332.2s ago] ()
2026-08-11 15:25:38,425 INFO sqlalchemy.engine.Engine COMMIT
2026-08-11 15:25:38,425 INFO sqlalchemy.engine.Engine BEGIN (implicit)
2026-08-11 15:25:38,427 INFO sqlalchemy.engine.Engine SELECT trip_plans.id, trip_plans.user_id, trip_plans.title, trip_plans.start_date, trip_plans.end_date, trip_plans.destinations, trip_plans.preferences, trip_plans.total_budget, trip_plans.group_size, trip_plans.status, trip_plans.created_at, trip_plans.updated_at 
FROM trip_plans 
WHERE trip_plans.user_id = $1::UUID ORDER BY trip_plans.updated_at DESC 
 LIMIT $2::INTEGER OFFSET $3::INTEGER
2026-08-11 15:25:38,427 INFO sqlalchemy.engine.Engine [cached since 25.91s ago] ('c0000001-0000-0000-0000-000000000000', 20, 0)
2026-08-11 15:25:38,427 INFO sqlalchemy.engine.Engine ROLLBACK
INFO:     127.0.0.1:63133 - "GET /api/trips/ HTTP/1.1" 200 OK
2026-08-11 15:25:40,276 INFO sqlalchemy.engine.Engine BEGIN (implicit)
2026-08-11 15:25:40,282 INFO sqlalchemy.engine.Engine SELECT users.id, users.username, users.email, users.hashed_password, users.avatar_url, users.preferences, users.created_at, users.updated_at, users.is_active 
FROM users 
WHERE users.id = $1::UUID
2026-08-11 15:25:40,282 INFO sqlalchemy.engine.Engine [cached since 27.83s ago] ('c0000001-0000-0000-0000-000000000000',)
2026-08-11 15:25:40,291 INFO sqlalchemy.engine.Engine ROLLBACK
INFO:     127.0.0.1:63133 - "GET /api/auth/me HTTP/1.1" 200 OK
2026-08-11 15:25:40,299 INFO sqlalchemy.engine.Engine BEGIN (implicit)
2026-08-11 15:25:40,299 INFO sqlalchemy.engine.Engine SELECT users.id, users.username, users.email, users.hashed_password, users.avatar_url, users.preferences, users.created_at, users.updated_at, users.is_active 
FROM users 
WHERE users.id = $1::UUID
2026-08-11 15:25:40,299 INFO sqlalchemy.engine.Engine [cached since 27.84s ago] ('c0000001-0000-0000-0000-000000000000',)
2026-08-11 15:25:40,299 INFO sqlalchemy.engine.Engine ROLLBACK
INFO:     127.0.0.1:63133 - "GET /api/auth/me HTTP/1.1" 200 OK
2026-08-11 15:25:43,622 INFO sqlalchemy.engine.Engine BEGIN (implicit)
2026-08-11 15:25:43,626 INFO sqlalchemy.engine.Engine SELECT users.id, users.username, users.email, users.hashed_password, users.avatar_url, users.preferences, users.created_at, users.updated_at, users.is_active 
FROM users 
WHERE users.id = $1::UUID
2026-08-11 15:25:43,626 INFO sqlalchemy.engine.Engine [cached since 31.17s ago] ('c0000001-0000-0000-0000-000000000000',)
2026-08-11 15:25:43,626 INFO sqlalchemy.engine.Engine ROLLBACK
INFO:     127.0.0.1:63133 - "GET /api/auth/me HTTP/1.1" 200 OK
2026-08-11 15:25:43,634 INFO sqlalchemy.engine.Engine BEGIN (implicit)
2026-08-11 15:25:43,636 INFO sqlalchemy.engine.Engine SELECT users.id, users.username, users.email, users.hashed_password, users.avatar_url, users.preferences, users.created_at, users.updated_at, users.is_active 
FROM users 
WHERE users.id = $1::UUID
2026-08-11 15:25:43,636 INFO sqlalchemy.engine.Engine [cached since 31.18s ago] ('c0000001-0000-0000-0000-000000000000',)
2026-08-11 15:25:43,636 INFO sqlalchemy.engine.Engine ROLLBACK
INFO:     127.0.0.1:63133 - "GET /api/auth/me HTTP/1.1" 200 OK
INFO:     127.0.0.1:56818 - "GET /api/trips HTTP/1.1" 307 Temporary Redirect
INFO:     127.0.0.1:56818 - "GET /api/trips HTTP/1.1" 307 Temporary Redirect
2026-08-11 15:26:18,895 INFO sqlalchemy.engine.Engine BEGIN (implicit)
2026-08-11 15:26:18,895 INFO sqlalchemy.engine.Engine SELECT users.id, users.username, users.email, users.hashed_password, users.avatar_url, users.preferences, users.created_at, users.updated_at, users.is_active 
FROM users 
WHERE users.id = $1::UUID
2026-08-11 15:26:18,895 INFO sqlalchemy.engine.Engine [cached since 66.44s ago] ('c0000001-0000-0000-0000-000000000000',)
2026-08-11 15:26:18,903 INFO sqlalchemy.engine.Engine SELECT trip_plans.id, trip_plans.user_id, trip_plans.title, trip_plans.start_date, trip_plans.end_date, trip_plans.destinations, trip_plans.preferences, trip_plans.total_budget, trip_plans.group_size, trip_plans.status, trip_plans.created_at, trip_plans.updated_at 
FROM trip_plans
2026-08-11 15:26:18,903 INFO sqlalchemy.engine.Engine [cached since 372.6s ago] ()
2026-08-11 15:26:18,911 INFO sqlalchemy.engine.Engine COMMIT
2026-08-11 15:26:18,911 INFO sqlalchemy.engine.Engine BEGIN (implicit)
2026-08-11 15:26:18,911 INFO sqlalchemy.engine.Engine SELECT trip_plans.id, trip_plans.user_id, trip_plans.title, trip_plans.start_date, trip_plans.end_date, trip_plans.destinations, trip_plans.preferences, trip_plans.total_budget, trip_plans.group_size, trip_plans.status, trip_plans.created_at, trip_plans.updated_at 
FROM trip_plans 
WHERE trip_plans.user_id = $1::UUID ORDER BY trip_plans.updated_at DESC 
 LIMIT $2::INTEGER OFFSET $3::INTEGER
2026-08-11 15:26:18,911 INFO sqlalchemy.engine.Engine [cached since 66.39s ago] ('c0000001-0000-0000-0000-000000000000', 20, 0)
2026-08-11 15:26:18,920 INFO sqlalchemy.engine.Engine ROLLBACK
INFO:     127.0.0.1:56818 - "GET /api/trips/ HTTP/1.1" 200 OK
2026-08-11 15:26:18,920 INFO sqlalchemy.engine.Engine BEGIN (implicit)
2026-08-11 15:26:18,920 INFO sqlalchemy.engine.Engine SELECT users.id, users.username, users.email, users.hashed_password, users.avatar_url, users.preferences, users.created_at, users.updated_at, users.is_active 
FROM users 
WHERE users.id = $1::UUID
2026-08-11 15:26:18,928 INFO sqlalchemy.engine.Engine [cached since 66.47s ago] ('c0000001-0000-0000-0000-000000000000',)
2026-08-11 15:26:18,928 INFO sqlalchemy.engine.Engine SELECT trip_plans.id, trip_plans.user_id, trip_plans.title, trip_plans.start_date, trip_plans.end_date, trip_plans.destinations, trip_plans.preferences, trip_plans.total_budget, trip_plans.group_size, trip_plans.status, trip_plans.created_at, trip_plans.updated_at 
FROM trip_plans
2026-08-11 15:26:18,928 INFO sqlalchemy.engine.Engine [cached since 372.7s ago] ()
2026-08-11 15:26:18,928 INFO sqlalchemy.engine.Engine COMMIT
2026-08-11 15:26:18,932 INFO sqlalchemy.engine.Engine BEGIN (implicit)
2026-08-11 15:26:18,932 INFO sqlalchemy.engine.Engine SELECT trip_plans.id, trip_plans.user_id, trip_plans.title, trip_plans.start_date, trip_plans.end_date, trip_plans.destinations, trip_plans.preferences, trip_plans.total_budget, trip_plans.group_size, trip_plans.status, trip_plans.created_at, trip_plans.updated_at 
FROM trip_plans 
WHERE trip_plans.user_id = $1::UUID ORDER BY trip_plans.updated_at DESC 
 LIMIT $2::INTEGER OFFSET $3::INTEGER
2026-08-11 15:26:18,932 INFO sqlalchemy.engine.Engine [cached since 66.41s ago] ('c0000001-0000-0000-0000-000000000000', 20, 0)
2026-08-11 15:26:18,938 INFO sqlalchemy.engine.Engine ROLLBACK
INFO:     127.0.0.1:56818 - "GET /api/trips/ HTTP/1.1" 200 OK
2026-08-11 15:26:28,603 INFO sqlalchemy.engine.Engine BEGIN (implicit)
2026-08-11 15:26:28,606 INFO sqlalchemy.engine.Engine SELECT users.id, users.username, users.email, users.hashed_password, users.avatar_url, users.preferences, users.created_at, users.updated_at, users.is_active 
FROM users 
WHERE users.id = $1::UUID
2026-08-11 15:26:28,606 INFO sqlalchemy.engine.Engine [cached since 76.15s ago] ('c0000001-0000-0000-0000-000000000000',)
2026-08-11 15:26:28,613 INFO sqlalchemy.engine.Engine ROLLBACK
INFO:     127.0.0.1:65521 - "GET /api/auth/me HTTP/1.1" 200 OK
2026-08-11 15:26:28,621 INFO sqlalchemy.engine.Engine BEGIN (implicit)
2026-08-11 15:26:28,622 INFO sqlalchemy.engine.Engine SELECT users.id, users.username, users.email, users.hashed_password, users.avatar_url, users.preferences, users.created_at, users.updated_at, users.is_active 
FROM users 
WHERE users.id = $1::UUID
2026-08-11 15:26:28,622 INFO sqlalchemy.engine.Engine [cached since 76.17s ago] ('c0000001-0000-0000-0000-000000000000',)
2026-08-11 15:26:28,624 INFO sqlalchemy.engine.Engine ROLLBACK
INFO:     127.0.0.1:64664 - "GET /api/auth/me HTTP/1.1" 200 OK
INFO:     127.0.0.1:64664 - "GET /api/trips HTTP/1.1" 307 Temporary Redirect
INFO:     127.0.0.1:65521 - "GET /api/trips HTTP/1.1" 307 Temporary Redirect
2026-08-11 15:26:31,243 INFO sqlalchemy.engine.Engine BEGIN (implicit)
2026-08-11 15:26:31,249 INFO sqlalchemy.engine.Engine SELECT users.id, users.username, users.email, users.hashed_password, users.avatar_url, users.preferences, users.created_at, users.updated_at, users.is_active 
FROM users 
WHERE users.id = $1::UUID
2026-08-11 15:26:31,249 INFO sqlalchemy.engine.Engine [cached since 78.79s ago] ('c0000001-0000-0000-0000-000000000000',)
2026-08-11 15:26:31,249 INFO sqlalchemy.engine.Engine SELECT trip_plans.id, trip_plans.user_id, trip_plans.title, trip_plans.start_date, trip_plans.end_date, trip_plans.destinations, trip_plans.preferences, trip_plans.total_budget, trip_plans.group_size, trip_plans.status, trip_plans.created_at, trip_plans.updated_at 
FROM trip_plans
2026-08-11 15:26:31,249 INFO sqlalchemy.engine.Engine [cached since 385s ago] ()
2026-08-11 15:26:31,256 INFO sqlalchemy.engine.Engine COMMIT
2026-08-11 15:26:31,257 INFO sqlalchemy.engine.Engine BEGIN (implicit)
2026-08-11 15:26:31,257 INFO sqlalchemy.engine.Engine SELECT trip_plans.id, trip_plans.user_id, trip_plans.title, trip_plans.start_date, trip_plans.end_date, trip_plans.destinations, trip_plans.preferences, trip_plans.total_budget, trip_plans.group_size, trip_plans.status, trip_plans.created_at, trip_plans.updated_at 
FROM trip_plans 
WHERE trip_plans.user_id = $1::UUID ORDER BY trip_plans.updated_at DESC 
 LIMIT $2::INTEGER OFFSET $3::INTEGER
2026-08-11 15:26:31,257 INFO sqlalchemy.engine.Engine [cached since 78.74s ago] ('c0000001-0000-0000-0000-000000000000', 20, 0)
2026-08-11 15:26:31,257 INFO sqlalchemy.engine.Engine ROLLBACK
INFO:     127.0.0.1:65521 - "GET /api/trips/ HTTP/1.1" 200 OK
2026-08-11 15:26:31,266 INFO sqlalchemy.engine.Engine BEGIN (implicit)
2026-08-11 15:26:31,266 INFO sqlalchemy.engine.Engine SELECT users.id, users.username, users.email, users.hashed_password, users.avatar_url, users.preferences, users.created_at, users.updated_at, users.is_active 
FROM users 
WHERE users.id = $1::UUID
2026-08-11 15:26:31,266 INFO sqlalchemy.engine.Engine [cached since 78.81s ago] ('c0000001-0000-0000-0000-000000000000',)
2026-08-11 15:26:31,266 INFO sqlalchemy.engine.Engine SELECT trip_plans.id, trip_plans.user_id, trip_plans.title, trip_plans.start_date, trip_plans.end_date, trip_plans.destinations, trip_plans.preferences, trip_plans.total_budget, trip_plans.group_size, trip_plans.status, trip_plans.created_at, trip_plans.updated_at 
FROM trip_plans
2026-08-11 15:26:31,266 INFO sqlalchemy.engine.Engine [cached since 385s ago] ()
2026-08-11 15:26:31,266 INFO sqlalchemy.engine.Engine COMMIT
2026-08-11 15:26:31,266 INFO sqlalchemy.engine.Engine BEGIN (implicit)
2026-08-11 15:26:31,274 INFO sqlalchemy.engine.Engine SELECT trip_plans.id, trip_plans.user_id, trip_plans.title, trip_plans.start_date, trip_plans.end_date, trip_plans.destinations, trip_plans.preferences, trip_plans.total_budget, trip_plans.group_size, trip_plans.status, trip_plans.created_at, trip_plans.updated_at 
FROM trip_plans 
WHERE trip_plans.user_id = $1::UUID ORDER BY trip_plans.updated_at DESC 
 LIMIT $2::INTEGER OFFSET $3::INTEGER
2026-08-11 15:26:31,274 INFO sqlalchemy.engine.Engine [cached since 78.75s ago] ('c0000001-0000-0000-0000-000000000000', 20, 0)
2026-08-11 15:26:31,274 INFO sqlalchemy.engine.Engine ROLLBACK
INFO:     127.0.0.1:64664 - "GET /api/trips/ HTTP/1.1" 200 OK
2026-08-11 15:26:32,530 INFO sqlalchemy.engine.Engine BEGIN (implicit)
2026-08-11 15:26:32,532 INFO sqlalchemy.engine.Engine SELECT users.id, users.username, users.email, users.hashed_password, users.avatar_url, users.preferences, users.created_at, users.updated_at, users.is_active 
FROM users 
WHERE users.id = $1::UUID
2026-08-11 15:26:32,534 INFO sqlalchemy.engine.Engine [cached since 80.08s ago] ('c0000001-0000-0000-0000-000000000000',)
2026-08-11 15:26:32,541 INFO sqlalchemy.engine.Engine ROLLBACK
INFO:     127.0.0.1:64664 - "GET /api/auth/me HTTP/1.1" 200 OK
2026-08-11 15:26:32,549 INFO sqlalchemy.engine.Engine BEGIN (implicit)
2026-08-11 15:26:32,549 INFO sqlalchemy.engine.Engine SELECT users.id, users.username, users.email, users.hashed_password, users.avatar_url, users.preferences, users.created_at, users.updated_at, users.is_active 
FROM users 
WHERE users.id = $1::UUID
2026-08-11 15:26:32,549 INFO sqlalchemy.engine.Engine [cached since 80.1s ago] ('c0000001-0000-0000-0000-000000000000',)
2026-08-11 15:26:32,557 INFO sqlalchemy.engine.Engine ROLLBACK
INFO:     127.0.0.1:64664 - "GET /api/auth/me HTTP/1.1" 200 OK
INFO:     127.0.0.1:64664 - "GET /api/trips HTTP/1.1" 307 Temporary Redirect
INFO:     127.0.0.1:57171 - "GET /api/trips HTTP/1.1" 307 Temporary Redirect
2026-08-11 15:26:36,643 INFO sqlalchemy.engine.Engine BEGIN (implicit)
2026-08-11 15:26:36,643 INFO sqlalchemy.engine.Engine SELECT users.id, users.username, users.email, users.hashed_password, users.avatar_url, users.preferences, users.created_at, users.updated_at, users.is_active 
FROM users 
WHERE users.id = $1::UUID
2026-08-11 15:26:36,643 INFO sqlalchemy.engine.Engine [cached since 84.19s ago] ('c0000001-0000-0000-0000-000000000000',)
2026-08-11 15:26:36,643 INFO sqlalchemy.engine.Engine SELECT trip_plans.id, trip_plans.user_id, trip_plans.title, trip_plans.start_date, trip_plans.end_date, trip_plans.destinations, trip_plans.preferences, trip_plans.total_budget, trip_plans.group_size, trip_plans.status, trip_plans.created_at, trip_plans.updated_at 
FROM trip_plans
2026-08-11 15:26:36,643 INFO sqlalchemy.engine.Engine [cached since 390.4s ago] ()
2026-08-11 15:26:36,643 INFO sqlalchemy.engine.Engine COMMIT
2026-08-11 15:26:36,643 INFO sqlalchemy.engine.Engine BEGIN (implicit)
2026-08-11 15:26:36,651 INFO sqlalchemy.engine.Engine SELECT trip_plans.id, trip_plans.user_id, trip_plans.title, trip_plans.start_date, trip_plans.end_date, trip_plans.destinations, trip_plans.preferences, trip_plans.total_budget, trip_plans.group_size, trip_plans.status, trip_plans.created_at, trip_plans.updated_at 
FROM trip_plans 
WHERE trip_plans.user_id = $1::UUID ORDER BY trip_plans.updated_at DESC 
 LIMIT $2::INTEGER OFFSET $3::INTEGER
2026-08-11 15:26:36,651 INFO sqlalchemy.engine.Engine [cached since 84.13s ago] ('c0000001-0000-0000-0000-000000000000', 20, 0)
2026-08-11 15:26:36,651 INFO sqlalchemy.engine.Engine ROLLBACK
INFO:     127.0.0.1:57171 - "GET /api/trips/ HTTP/1.1" 200 OK
2026-08-11 15:26:36,651 INFO sqlalchemy.engine.Engine BEGIN (implicit)
2026-08-11 15:26:36,651 INFO sqlalchemy.engine.Engine SELECT users.id, users.username, users.email, users.hashed_password, users.avatar_url, users.preferences, users.created_at, users.updated_at, users.is_active 
FROM users 
WHERE users.id = $1::UUID
2026-08-11 15:26:36,651 INFO sqlalchemy.engine.Engine [cached since 84.2s ago] ('c0000001-0000-0000-0000-000000000000',)
2026-08-11 15:26:36,651 INFO sqlalchemy.engine.Engine SELECT trip_plans.id, trip_plans.user_id, trip_plans.title, trip_plans.start_date, trip_plans.end_date, trip_plans.destinations, trip_plans.preferences, trip_plans.total_budget, trip_plans.group_size, trip_plans.status, trip_plans.created_at, trip_plans.updated_at 
FROM trip_plans
2026-08-11 15:26:36,651 INFO sqlalchemy.engine.Engine [cached since 390.4s ago] ()
2026-08-11 15:26:36,660 INFO sqlalchemy.engine.Engine COMMIT
2026-08-11 15:26:36,660 INFO sqlalchemy.engine.Engine BEGIN (implicit)
2026-08-11 15:26:36,660 INFO sqlalchemy.engine.Engine SELECT trip_plans.id, trip_plans.user_id, trip_plans.title, trip_plans.start_date, trip_plans.end_date, trip_plans.destinations, trip_plans.preferences, trip_plans.total_budget, trip_plans.group_size, trip_plans.status, trip_plans.created_at, trip_plans.updated_at 
FROM trip_plans 
WHERE trip_plans.user_id = $1::UUID ORDER BY trip_plans.updated_at DESC 
 LIMIT $2::INTEGER OFFSET $3::INTEGER
2026-08-11 15:26:36,660 INFO sqlalchemy.engine.Engine [cached since 84.14s ago] ('c0000001-0000-0000-0000-000000000000', 20, 0)
2026-08-11 15:26:36,660 INFO sqlalchemy.engine.Engine ROLLBACK
INFO:     127.0.0.1:64664 - "GET /api/trips/ HTTP/1.1" 200 OK
2026-08-11 15:26:38,800 INFO sqlalchemy.engine.Engine BEGIN (implicit)
2026-08-11 15:26:38,803 INFO sqlalchemy.engine.Engine SELECT users.id, users.username, users.email, users.hashed_password, users.avatar_url, users.preferences, users.created_at, users.updated_at, users.is_active 
FROM users 
WHERE users.id = $1::UUID
2026-08-11 15:26:38,803 INFO sqlalchemy.engine.Engine [cached since 86.35s ago] ('c0000001-0000-0000-0000-000000000000',)
2026-08-11 15:26:38,807 INFO sqlalchemy.engine.Engine ROLLBACK
INFO:     127.0.0.1:64664 - "GET /api/auth/me HTTP/1.1" 200 OK
2026-08-11 15:26:38,813 INFO sqlalchemy.engine.Engine BEGIN (implicit)
2026-08-11 15:26:38,815 INFO sqlalchemy.engine.Engine SELECT users.id, users.username, users.email, users.hashed_password, users.avatar_url, users.preferences, users.created_at, users.updated_at, users.is_active 
FROM users 
WHERE users.id = $1::UUID
2026-08-11 15:26:38,815 INFO sqlalchemy.engine.Engine [cached since 86.36s ago] ('c0000001-0000-0000-0000-000000000000',)
2026-08-11 15:26:38,819 INFO sqlalchemy.engine.Engine ROLLBACK
INFO:     127.0.0.1:64664 - "GET /api/auth/me HTTP/1.1" 200 OK
INFO:     127.0.0.1:64664 - "GET /api/trips HTTP/1.1" 307 Temporary Redirect
INFO:     127.0.0.1:57171 - "GET /api/trips HTTP/1.1" 307 Temporary Redirect
2026-08-11 15:26:40,293 INFO sqlalchemy.engine.Engine BEGIN (implicit)
2026-08-11 15:26:40,293 INFO sqlalchemy.engine.Engine SELECT users.id, users.username, users.email, users.hashed_password, users.avatar_url, users.preferences, users.created_at, users.updated_at, users.is_active 
FROM users 
WHERE users.id = $1::UUID
2026-08-11 15:26:40,293 INFO sqlalchemy.engine.Engine [cached since 87.84s ago] ('c0000001-0000-0000-0000-000000000000',)
2026-08-11 15:26:40,295 INFO sqlalchemy.engine.Engine SELECT trip_plans.id, trip_plans.user_id, trip_plans.title, trip_plans.start_date, trip_plans.end_date, trip_plans.destinations, trip_plans.preferences, trip_plans.total_budget, trip_plans.group_size, trip_plans.status, trip_plans.created_at, trip_plans.updated_at 
FROM trip_plans
2026-08-11 15:26:40,295 INFO sqlalchemy.engine.Engine [cached since 394s ago] ()
2026-08-11 15:26:40,297 INFO sqlalchemy.engine.Engine COMMIT
2026-08-11 15:26:40,297 INFO sqlalchemy.engine.Engine BEGIN (implicit)
2026-08-11 15:26:40,297 INFO sqlalchemy.engine.Engine SELECT trip_plans.id, trip_plans.user_id, trip_plans.title, trip_plans.start_date, trip_plans.end_date, trip_plans.destinations, trip_plans.preferences, trip_plans.total_budget, trip_plans.group_size, trip_plans.status, trip_plans.created_at, trip_plans.updated_at 
FROM trip_plans 
WHERE trip_plans.user_id = $1::UUID ORDER BY trip_plans.updated_at DESC 
 LIMIT $2::INTEGER OFFSET $3::INTEGER
2026-08-11 15:26:40,302 INFO sqlalchemy.engine.Engine [cached since 87.78s ago] ('c0000001-0000-0000-0000-000000000000', 20, 0)
2026-08-11 15:26:40,304 INFO sqlalchemy.engine.Engine ROLLBACK
INFO:     127.0.0.1:57171 - "GET /api/trips/ HTTP/1.1" 200 OK
2026-08-11 15:26:40,306 INFO sqlalchemy.engine.Engine BEGIN (implicit)
2026-08-11 15:26:40,306 INFO sqlalchemy.engine.Engine SELECT users.id, users.username, users.email, users.hashed_password, users.avatar_url, users.preferences, users.created_at, users.updated_at, users.is_active 
FROM users 
WHERE users.id = $1::UUID
2026-08-11 15:26:40,306 INFO sqlalchemy.engine.Engine [cached since 87.85s ago] ('c0000001-0000-0000-0000-000000000000',)
2026-08-11 15:26:40,306 INFO sqlalchemy.engine.Engine SELECT trip_plans.id, trip_plans.user_id, trip_plans.title, trip_plans.start_date, trip_plans.end_date, trip_plans.destinations, trip_plans.preferences, trip_plans.total_budget, trip_plans.group_size, trip_plans.status, trip_plans.created_at, trip_plans.updated_at 
FROM trip_plans
2026-08-11 15:26:40,306 INFO sqlalchemy.engine.Engine [cached since 394s ago] ()
2026-08-11 15:26:40,312 INFO sqlalchemy.engine.Engine COMMIT
2026-08-11 15:26:40,314 INFO sqlalchemy.engine.Engine BEGIN (implicit)
2026-08-11 15:26:40,314 INFO sqlalchemy.engine.Engine SELECT trip_plans.id, trip_plans.user_id, trip_plans.title, trip_plans.start_date, trip_plans.end_date, trip_plans.destinations, trip_plans.preferences, trip_plans.total_budget, trip_plans.group_size, trip_plans.status, trip_plans.created_at, trip_plans.updated_at 
FROM trip_plans 
WHERE trip_plans.user_id = $1::UUID ORDER BY trip_plans.updated_at DESC 
 LIMIT $2::INTEGER OFFSET $3::INTEGER
2026-08-11 15:26:40,314 INFO sqlalchemy.engine.Engine [cached since 87.79s ago] ('c0000001-0000-0000-0000-000000000000', 20, 0)
2026-08-11 15:26:40,318 INFO sqlalchemy.engine.Engine ROLLBACK
INFO:     127.0.0.1:64664 - "GET /api/trips/ HTTP/1.1" 200 OK
2026-08-11 15:26:42,035 INFO sqlalchemy.engine.Engine BEGIN (implicit)
2026-08-11 15:26:42,038 INFO sqlalchemy.engine.Engine SELECT users.id, users.username, users.email, users.hashed_password, users.avatar_url, users.preferences, users.created_at, users.updated_at, users.is_active 
FROM users 
WHERE users.id = $1::UUID
2026-08-11 15:26:42,038 INFO sqlalchemy.engine.Engine [cached since 89.58s ago] ('c0000001-0000-0000-0000-000000000000',)
2026-08-11 15:26:42,040 INFO sqlalchemy.engine.Engine ROLLBACK
INFO:     127.0.0.1:64664 - "GET /api/auth/me HTTP/1.1" 200 OK
2026-08-11 15:26:42,046 INFO sqlalchemy.engine.Engine BEGIN (implicit)
2026-08-11 15:26:42,046 INFO sqlalchemy.engine.Engine SELECT users.id, users.username, users.email, users.hashed_password, users.avatar_url, users.preferences, users.created_at, users.updated_at, users.is_active 
FROM users 
WHERE users.id = $1::UUID
2026-08-11 15:26:42,049 INFO sqlalchemy.engine.Engine [cached since 89.59s ago] ('c0000001-0000-0000-0000-000000000000',)
2026-08-11 15:26:42,052 INFO sqlalchemy.engine.Engine ROLLBACK
INFO:     127.0.0.1:57171 - "GET /api/auth/me HTTP/1.1" 200 OK
INFO:     127.0.0.1:57171 - "GET /api/trips HTTP/1.1" 307 Temporary Redirect
INFO:     127.0.0.1:64664 - "GET /api/trips HTTP/1.1" 307 Temporary Redirect
2026-08-11 15:26:43,688 INFO sqlalchemy.engine.Engine BEGIN (implicit)
2026-08-11 15:26:43,690 INFO sqlalchemy.engine.Engine SELECT users.id, users.username, users.email, users.hashed_password, users.avatar_url, users.preferences, users.created_at, users.updated_at, users.is_active 
FROM users 
WHERE users.id = $1::UUID
2026-08-11 15:26:43,690 INFO sqlalchemy.engine.Engine [cached since 91.23s ago] ('c0000001-0000-0000-0000-000000000000',)
2026-08-11 15:26:43,692 INFO sqlalchemy.engine.Engine SELECT trip_plans.id, trip_plans.user_id, trip_plans.title, trip_plans.start_date, trip_plans.end_date, trip_plans.destinations, trip_plans.preferences, trip_plans.total_budget, trip_plans.group_size, trip_plans.status, trip_plans.created_at, trip_plans.updated_at 
FROM trip_plans
2026-08-11 15:26:43,692 INFO sqlalchemy.engine.Engine [cached since 397.4s ago] ()
2026-08-11 15:26:43,692 INFO sqlalchemy.engine.Engine COMMIT
2026-08-11 15:26:43,692 INFO sqlalchemy.engine.Engine BEGIN (implicit)
2026-08-11 15:26:43,692 INFO sqlalchemy.engine.Engine SELECT trip_plans.id, trip_plans.user_id, trip_plans.title, trip_plans.start_date, trip_plans.end_date, trip_plans.destinations, trip_plans.preferences, trip_plans.total_budget, trip_plans.group_size, trip_plans.status, trip_plans.created_at, trip_plans.updated_at 
FROM trip_plans 
WHERE trip_plans.user_id = $1::UUID ORDER BY trip_plans.updated_at DESC 
 LIMIT $2::INTEGER OFFSET $3::INTEGER
2026-08-11 15:26:43,698 INFO sqlalchemy.engine.Engine [cached since 91.18s ago] ('c0000001-0000-0000-0000-000000000000', 20, 0)
2026-08-11 15:26:43,700 INFO sqlalchemy.engine.Engine ROLLBACK
INFO:     127.0.0.1:64664 - "GET /api/trips/ HTTP/1.1" 200 OK
2026-08-11 15:26:43,707 INFO sqlalchemy.engine.Engine BEGIN (implicit)
2026-08-11 15:26:43,707 INFO sqlalchemy.engine.Engine SELECT users.id, users.username, users.email, users.hashed_password, users.avatar_url, users.preferences, users.created_at, users.updated_at, users.is_active 
FROM users 
WHERE users.id = $1::UUID
2026-08-11 15:26:43,707 INFO sqlalchemy.engine.Engine [cached since 91.25s ago] ('c0000001-0000-0000-0000-000000000000',)
2026-08-11 15:26:43,710 INFO sqlalchemy.engine.Engine SELECT trip_plans.id, trip_plans.user_id, trip_plans.title, trip_plans.start_date, trip_plans.end_date, trip_plans.destinations, trip_plans.preferences, trip_plans.total_budget, trip_plans.group_size, trip_plans.status, trip_plans.created_at, trip_plans.updated_at 
FROM trip_plans
2026-08-11 15:26:43,710 INFO sqlalchemy.engine.Engine [cached since 397.4s ago] ()
2026-08-11 15:26:43,712 INFO sqlalchemy.engine.Engine COMMIT
2026-08-11 15:26:43,712 INFO sqlalchemy.engine.Engine BEGIN (implicit)
2026-08-11 15:26:43,717 INFO sqlalchemy.engine.Engine SELECT trip_plans.id, trip_plans.user_id, trip_plans.title, trip_plans.start_date, trip_plans.end_date, trip_plans.destinations, trip_plans.preferences, trip_plans.total_budget, trip_plans.group_size, trip_plans.status, trip_plans.created_at, trip_plans.updated_at 
FROM trip_plans 
WHERE trip_plans.user_id = $1::UUID ORDER BY trip_plans.updated_at DESC 
 LIMIT $2::INTEGER OFFSET $3::INTEGER
2026-08-11 15:26:43,717 INFO sqlalchemy.engine.Engine [cached since 91.2s ago] ('c0000001-0000-0000-0000-000000000000', 20, 0)
2026-08-11 15:26:43,717 INFO sqlalchemy.engine.Engine ROLLBACK
INFO:     127.0.0.1:57171 - "GET /api/trips/ HTTP/1.1" 200 OK
INFO:     127.0.0.1:57171 - "OPTIONS /api/trips/b0000002-0000-0000-0000-000000000000 HTTP/1.1" 200 OK
INFO:     127.0.0.1:64664 - "OPTIONS /api/trips/b0000002-0000-0000-0000-000000000000 HTTP/1.1" 200 OK
2026-08-11 15:26:44,868 INFO sqlalchemy.engine.Engine BEGIN (implicit)
2026-08-11 15:26:44,868 INFO sqlalchemy.engine.Engine SELECT users.id, users.username, users.email, users.hashed_password, users.avatar_url, users.preferences, users.created_at, users.updated_at, users.is_active 
FROM users 
WHERE users.id = $1::UUID
2026-08-11 15:26:44,873 INFO sqlalchemy.engine.Engine [cached since 92.42s ago] ('c0000001-0000-0000-0000-000000000000',)
2026-08-11 15:26:44,875 INFO sqlalchemy.engine.Engine SELECT trip_plans.id, trip_plans.user_id, trip_plans.title, trip_plans.start_date, trip_plans.end_date, trip_plans.destinations, trip_plans.preferences, trip_plans.total_budget, trip_plans.group_size, trip_plans.status, trip_plans.created_at, trip_plans.updated_at 
FROM trip_plans 
WHERE trip_plans.id = $1::UUID AND trip_plans.user_id = $2::UUID
2026-08-11 15:26:44,875 INFO sqlalchemy.engine.Engine [generated in 0.00051s] ('b0000002-0000-0000-0000-000000000000', 'c0000001-0000-0000-0000-000000000000')
2026-08-11 15:26:44,875 INFO sqlalchemy.engine.Engine SELECT itinerary_items.id, itinerary_items.trip_id, itinerary_items.day_number, itinerary_items.order_index, itinerary_items.start_time, itinerary_items.end_time, itinerary_items.destination_id, itinerary_items.activity_type, itinerary_items.transport_mode, itinerary_items.transport_detail, itinerary_items.notes, itinerary_items.estimated_cost 
FROM itinerary_items 
WHERE itinerary_items.trip_id = $1::UUID ORDER BY itinerary_items.day_number, itinerary_items.order_index
2026-08-11 15:26:44,875 INFO sqlalchemy.engine.Engine [generated in 0.00058s] ('b0000002-0000-0000-0000-000000000000',)
2026-08-11 15:26:44,887 INFO sqlalchemy.engine.Engine SELECT destinations.id, destinations.name, destinations.name_en, destinations.description, destinations.location, destinations.country, destinations.city, destinations.address, destinations.category, destinations.images, destinations.rating, destinations.budget_per_person, destinations.suggested_duration, destinations.created_at 
FROM destinations 
WHERE destinations.id IN ($1::UUID, $2::UUID, $3::UUID, $4::UUID, $5::UUID, $6::UUID, $7::UUID, $8::UUID)
2026-08-11 15:26:44,887 INFO sqlalchemy.engine.Engine [generated in 0.00073s] ('d0000031-0000-0000-0000-000000000000', 'd0000032-0000-0000-0000-000000000000', 'd0000033-0000-0000-0000-000000000000', 'd0000034-0000-0000-0000-000000000000', 'd0000035-0000-0000-0000-000000000000', 'd0000036-0000-0000-0000-000000000000', 'd0000037-0000-0000-0000-000000000000', 'd0000038-0000-0000-0000-000000000000')
2026-08-11 15:26:44,889 INFO sqlalchemy.engine.Engine ROLLBACK
INFO:     127.0.0.1:64664 - "GET /api/trips/b0000002-0000-0000-0000-000000000000 HTTP/1.1" 200 OK
2026-08-11 15:26:44,897 INFO sqlalchemy.engine.Engine BEGIN (implicit)
2026-08-11 15:26:44,897 INFO sqlalchemy.engine.Engine SELECT users.id, users.username, users.email, users.hashed_password, users.avatar_url, users.preferences, users.created_at, users.updated_at, users.is_active 
FROM users 
WHERE users.id = $1::UUID
2026-08-11 15:26:44,897 INFO sqlalchemy.engine.Engine [cached since 92.44s ago] ('c0000001-0000-0000-0000-000000000000',)
2026-08-11 15:26:44,897 INFO sqlalchemy.engine.Engine SELECT trip_plans.id, trip_plans.user_id, trip_plans.title, trip_plans.start_date, trip_plans.end_date, trip_plans.destinations, trip_plans.preferences, trip_plans.total_budget, trip_plans.group_size, trip_plans.status, trip_plans.created_at, trip_plans.updated_at 
FROM trip_plans 
WHERE trip_plans.id = $1::UUID AND trip_plans.user_id = $2::UUID
2026-08-11 15:26:44,902 INFO sqlalchemy.engine.Engine [cached since 0.02621s ago] ('b0000002-0000-0000-0000-000000000000', 'c0000001-0000-0000-0000-000000000000')
2026-08-11 15:26:44,902 INFO sqlalchemy.engine.Engine SELECT itinerary_items.id, itinerary_items.trip_id, itinerary_items.day_number, itinerary_items.order_index, itinerary_items.start_time, itinerary_items.end_time, itinerary_items.destination_id, itinerary_items.activity_type, itinerary_items.transport_mode, itinerary_items.transport_detail, itinerary_items.notes, itinerary_items.estimated_cost 
FROM itinerary_items 
WHERE itinerary_items.trip_id = $1::UUID ORDER BY itinerary_items.day_number, itinerary_items.order_index
2026-08-11 15:26:44,902 INFO sqlalchemy.engine.Engine [cached since 0.02426s ago] ('b0000002-0000-0000-0000-000000000000',)
2026-08-11 15:26:44,905 INFO sqlalchemy.engine.Engine SELECT destinations.id, destinations.name, destinations.name_en, destinations.description, destinations.location, destinations.country, destinations.city, destinations.address, destinations.category, destinations.images, destinations.rating, destinations.budget_per_person, destinations.suggested_duration, destinations.created_at 
FROM destinations 
WHERE destinations.id IN ($1::UUID, $2::UUID, $3::UUID, $4::UUID, $5::UUID, $6::UUID, $7::UUID, $8::UUID)
2026-08-11 15:26:44,905 INFO sqlalchemy.engine.Engine [cached since 0.01741s ago] ('d0000031-0000-0000-0000-000000000000', 'd0000032-0000-0000-0000-000000000000', 'd0000033-0000-0000-0000-000000000000', 'd0000034-0000-0000-0000-000000000000', 'd0000035-0000-0000-0000-000000000000', 'd0000036-0000-0000-0000-000000000000', 'd0000037-0000-0000-0000-000000000000', 'd0000038-0000-0000-0000-000000000000')
2026-08-11 15:26:44,905 INFO sqlalchemy.engine.Engine ROLLBACK
INFO:     127.0.0.1:57171 - "GET /api/trips/b0000002-0000-0000-0000-000000000000 HTTP/1.1" 200 OK
INFO:     127.0.0.1:63790 - "GET /api/trips HTTP/1.1" 307 Temporary Redirect
INFO:     127.0.0.1:63790 - "GET /api/trips HTTP/1.1" 307 Temporary Redirect
2026-08-11 15:26:57,377 INFO sqlalchemy.engine.Engine BEGIN (implicit)
2026-08-11 15:26:57,377 INFO sqlalchemy.engine.Engine SELECT users.id, users.username, users.email, users.hashed_password, users.avatar_url, users.preferences, users.created_at, users.updated_at, users.is_active 
FROM users 
WHERE users.id = $1::UUID
2026-08-11 15:26:57,377 INFO sqlalchemy.engine.Engine [cached since 104.9s ago] ('c0000001-0000-0000-0000-000000000000',)
2026-08-11 15:26:57,383 INFO sqlalchemy.engine.Engine SELECT trip_plans.id, trip_plans.user_id, trip_plans.title, trip_plans.start_date, trip_plans.end_date, trip_plans.destinations, trip_plans.preferences, trip_plans.total_budget, trip_plans.group_size, trip_plans.status, trip_plans.created_at, trip_plans.updated_at 
FROM trip_plans
2026-08-11 15:26:57,383 INFO sqlalchemy.engine.Engine [cached since 411.1s ago] ()
2026-08-11 15:26:57,384 INFO sqlalchemy.engine.Engine COMMIT
2026-08-11 15:26:57,384 INFO sqlalchemy.engine.Engine BEGIN (implicit)
2026-08-11 15:26:57,387 INFO sqlalchemy.engine.Engine SELECT trip_plans.id, trip_plans.user_id, trip_plans.title, trip_plans.start_date, trip_plans.end_date, trip_plans.destinations, trip_plans.preferences, trip_plans.total_budget, trip_plans.group_size, trip_plans.status, trip_plans.created_at, trip_plans.updated_at 
FROM trip_plans 
WHERE trip_plans.user_id = $1::UUID ORDER BY trip_plans.updated_at DESC 
 LIMIT $2::INTEGER OFFSET $3::INTEGER
2026-08-11 15:26:57,388 INFO sqlalchemy.engine.Engine [cached since 104.9s ago] ('c0000001-0000-0000-0000-000000000000', 20, 0)
2026-08-11 15:26:57,388 INFO sqlalchemy.engine.Engine ROLLBACK
INFO:     127.0.0.1:63790 - "GET /api/trips/ HTTP/1.1" 200 OK
2026-08-11 15:26:57,392 INFO sqlalchemy.engine.Engine BEGIN (implicit)
2026-08-11 15:26:57,392 INFO sqlalchemy.engine.Engine SELECT users.id, users.username, users.email, users.hashed_password, users.avatar_url, users.preferences, users.created_at, users.updated_at, users.is_active 
FROM users 
WHERE users.id = $1::UUID
2026-08-11 15:26:57,392 INFO sqlalchemy.engine.Engine [cached since 104.9s ago] ('c0000001-0000-0000-0000-000000000000',)
2026-08-11 15:26:57,400 INFO sqlalchemy.engine.Engine SELECT trip_plans.id, trip_plans.user_id, trip_plans.title, trip_plans.start_date, trip_plans.end_date, trip_plans.destinations, trip_plans.preferences, trip_plans.total_budget, trip_plans.group_size, trip_plans.status, trip_plans.created_at, trip_plans.updated_at 
FROM trip_plans
2026-08-11 15:26:57,400 INFO sqlalchemy.engine.Engine [cached since 411.1s ago] ()
2026-08-11 15:26:57,400 INFO sqlalchemy.engine.Engine COMMIT
2026-08-11 15:26:57,409 INFO sqlalchemy.engine.Engine BEGIN (implicit)
2026-08-11 15:26:57,409 INFO sqlalchemy.engine.Engine SELECT trip_plans.id, trip_plans.user_id, trip_plans.title, trip_plans.start_date, trip_plans.end_date, trip_plans.destinations, trip_plans.preferences, trip_plans.total_budget, trip_plans.group_size, trip_plans.status, trip_plans.created_at, trip_plans.updated_at 
FROM trip_plans 
WHERE trip_plans.user_id = $1::UUID ORDER BY trip_plans.updated_at DESC 
 LIMIT $2::INTEGER OFFSET $3::INTEGER
2026-08-11 15:26:57,415 INFO sqlalchemy.engine.Engine [cached since 104.9s ago] ('c0000001-0000-0000-0000-000000000000', 20, 0)
2026-08-11 15:26:57,417 INFO sqlalchemy.engine.Engine ROLLBACK
INFO:     127.0.0.1:63790 - "GET /api/trips/ HTTP/1.1" 200 OK
INFO:     127.0.0.1:63790 - "OPTIONS /api/trips/b0000005-0000-0000-0000-000000000000 HTTP/1.1" 200 OK
INFO:     127.0.0.1:63405 - "OPTIONS /api/trips/b0000005-0000-0000-0000-000000000000 HTTP/1.1" 200 OK
2026-08-11 15:26:59,774 INFO sqlalchemy.engine.Engine BEGIN (implicit)
2026-08-11 15:26:59,774 INFO sqlalchemy.engine.Engine SELECT users.id, users.username, users.email, users.hashed_password, users.avatar_url, users.preferences, users.created_at, users.updated_at, users.is_active 
FROM users 
WHERE users.id = $1::UUID
2026-08-11 15:26:59,776 INFO sqlalchemy.engine.Engine [cached since 107.3s ago] ('c0000001-0000-0000-0000-000000000000',)
2026-08-11 15:26:59,776 INFO sqlalchemy.engine.Engine SELECT trip_plans.id, trip_plans.user_id, trip_plans.title, trip_plans.start_date, trip_plans.end_date, trip_plans.destinations, trip_plans.preferences, trip_plans.total_budget, trip_plans.group_size, trip_plans.status, trip_plans.created_at, trip_plans.updated_at 
FROM trip_plans 
WHERE trip_plans.id = $1::UUID AND trip_plans.user_id = $2::UUID
2026-08-11 15:26:59,776 INFO sqlalchemy.engine.Engine [cached since 14.9s ago] ('b0000005-0000-0000-0000-000000000000', 'c0000001-0000-0000-0000-000000000000')
2026-08-11 15:26:59,784 INFO sqlalchemy.engine.Engine SELECT itinerary_items.id, itinerary_items.trip_id, itinerary_items.day_number, itinerary_items.order_index, itinerary_items.start_time, itinerary_items.end_time, itinerary_items.destination_id, itinerary_items.activity_type, itinerary_items.transport_mode, itinerary_items.transport_detail, itinerary_items.notes, itinerary_items.estimated_cost 
FROM itinerary_items 
WHERE itinerary_items.trip_id = $1::UUID ORDER BY itinerary_items.day_number, itinerary_items.order_index
2026-08-11 15:26:59,784 INFO sqlalchemy.engine.Engine [cached since 14.91s ago] ('b0000005-0000-0000-0000-000000000000',)
2026-08-11 15:26:59,786 INFO sqlalchemy.engine.Engine SELECT destinations.id, destinations.name, destinations.name_en, destinations.description, destinations.location, destinations.country, destinations.city, destinations.address, destinations.category, destinations.images, destinations.rating, destinations.budget_per_person, destinations.suggested_duration, destinations.created_at 
FROM destinations 
WHERE destinations.id IN ($1::UUID, $2::UUID, $3::UUID, $4::UUID, $5::UUID, $6::UUID, $7::UUID)
2026-08-11 15:26:59,786 INFO sqlalchemy.engine.Engine [cached since 14.9s ago] ('d0000054-0000-0000-0000-000000000000', 'd0000055-0000-0000-0000-000000000000', 'd0000056-0000-0000-0000-000000000000', 'd0000057-0000-0000-0000-000000000000', 'd0000058-0000-0000-0000-000000000000', 'd0000059-0000-0000-0000-000000000000', 'd0000060-0000-0000-0000-000000000000')
2026-08-11 15:26:59,790 INFO sqlalchemy.engine.Engine ROLLBACK
INFO:     127.0.0.1:63790 - "GET /api/trips/b0000005-0000-0000-0000-000000000000 HTTP/1.1" 200 OK
2026-08-11 15:26:59,794 INFO sqlalchemy.engine.Engine BEGIN (implicit)
2026-08-11 15:26:59,794 INFO sqlalchemy.engine.Engine SELECT users.id, users.username, users.email, users.hashed_password, users.avatar_url, users.preferences, users.created_at, users.updated_at, users.is_active 
FROM users 
WHERE users.id = $1::UUID
2026-08-11 15:26:59,796 INFO sqlalchemy.engine.Engine [cached since 107.3s ago] ('c0000001-0000-0000-0000-000000000000',)
2026-08-11 15:26:59,800 INFO sqlalchemy.engine.Engine SELECT trip_plans.id, trip_plans.user_id, trip_plans.title, trip_plans.start_date, trip_plans.end_date, trip_plans.destinations, trip_plans.preferences, trip_plans.total_budget, trip_plans.group_size, trip_plans.status, trip_plans.created_at, trip_plans.updated_at 
FROM trip_plans 
WHERE trip_plans.id = $1::UUID AND trip_plans.user_id = $2::UUID
2026-08-11 15:26:59,800 INFO sqlalchemy.engine.Engine [cached since 14.93s ago] ('b0000005-0000-0000-0000-000000000000', 'c0000001-0000-0000-0000-000000000000')
2026-08-11 15:26:59,802 INFO sqlalchemy.engine.Engine SELECT itinerary_items.id, itinerary_items.trip_id, itinerary_items.day_number, itinerary_items.order_index, itinerary_items.start_time, itinerary_items.end_time, itinerary_items.destination_id, itinerary_items.activity_type, itinerary_items.transport_mode, itinerary_items.transport_detail, itinerary_items.notes, itinerary_items.estimated_cost 
FROM itinerary_items 
WHERE itinerary_items.trip_id = $1::UUID ORDER BY itinerary_items.day_number, itinerary_items.order_index
2026-08-11 15:26:59,802 INFO sqlalchemy.engine.Engine [cached since 14.92s ago] ('b0000005-0000-0000-0000-000000000000',)
2026-08-11 15:26:59,804 INFO sqlalchemy.engine.Engine SELECT destinations.id, destinations.name, destinations.name_en, destinations.description, destinations.location, destinations.country, destinations.city, destinations.address, destinations.category, destinations.images, destinations.rating, destinations.budget_per_person, destinations.suggested_duration, destinations.created_at 
FROM destinations 
WHERE destinations.id IN ($1::UUID, $2::UUID, $3::UUID, $4::UUID, $5::UUID, $6::UUID, $7::UUID)
2026-08-11 15:26:59,804 INFO sqlalchemy.engine.Engine [cached since 14.92s ago] ('d0000054-0000-0000-0000-000000000000', 'd0000055-0000-0000-0000-000000000000', 'd0000056-0000-0000-0000-000000000000', 'd0000057-0000-0000-0000-000000000000', 'd0000058-0000-0000-0000-000000000000', 'd0000059-0000-0000-0000-000000000000', 'd0000060-0000-0000-0000-000000000000')
2026-08-11 15:26:59,806 INFO sqlalchemy.engine.Engine ROLLBACK
INFO:     127.0.0.1:63405 - "GET /api/trips/b0000005-0000-0000-0000-000000000000 HTTP/1.1" 200 OK
INFO:     127.0.0.1:58016 - "GET /api/trips HTTP/1.1" 307 Temporary Redirect
INFO:     127.0.0.1:59683 - "GET /api/trips HTTP/1.1" 307 Temporary Redirect
2026-08-11 15:27:08,291 INFO sqlalchemy.engine.Engine BEGIN (implicit)
2026-08-11 15:27:08,291 INFO sqlalchemy.engine.Engine SELECT users.id, users.username, users.email, users.hashed_password, users.avatar_url, users.preferences, users.created_at, users.updated_at, users.is_active 
FROM users 
WHERE users.id = $1::UUID
2026-08-11 15:27:08,291 INFO sqlalchemy.engine.Engine [cached since 115.8s ago] ('c0000001-0000-0000-0000-000000000000',)
2026-08-11 15:27:08,291 INFO sqlalchemy.engine.Engine SELECT trip_plans.id, trip_plans.user_id, trip_plans.title, trip_plans.start_date, trip_plans.end_date, trip_plans.destinations, trip_plans.preferences, trip_plans.total_budget, trip_plans.group_size, trip_plans.status, trip_plans.created_at, trip_plans.updated_at 
FROM trip_plans
2026-08-11 15:27:08,291 INFO sqlalchemy.engine.Engine [cached since 422s ago] ()
2026-08-11 15:27:08,291 INFO sqlalchemy.engine.Engine COMMIT
2026-08-11 15:27:08,291 INFO sqlalchemy.engine.Engine BEGIN (implicit)
2026-08-11 15:27:08,298 INFO sqlalchemy.engine.Engine SELECT trip_plans.id, trip_plans.user_id, trip_plans.title, trip_plans.start_date, trip_plans.end_date, trip_plans.destinations, trip_plans.preferences, trip_plans.total_budget, trip_plans.group_size, trip_plans.status, trip_plans.created_at, trip_plans.updated_at 
FROM trip_plans 
WHERE trip_plans.user_id = $1::UUID ORDER BY trip_plans.updated_at DESC 
 LIMIT $2::INTEGER OFFSET $3::INTEGER
2026-08-11 15:27:08,299 INFO sqlalchemy.engine.Engine [cached since 115.8s ago] ('c0000001-0000-0000-0000-000000000000', 20, 0)
2026-08-11 15:27:08,301 INFO sqlalchemy.engine.Engine ROLLBACK
INFO:     127.0.0.1:58016 - "GET /api/trips/ HTTP/1.1" 200 OK
2026-08-11 15:27:08,307 INFO sqlalchemy.engine.Engine BEGIN (implicit)
2026-08-11 15:27:08,307 INFO sqlalchemy.engine.Engine SELECT users.id, users.username, users.email, users.hashed_password, users.avatar_url, users.preferences, users.created_at, users.updated_at, users.is_active 
FROM users 
WHERE users.id = $1::UUID
2026-08-11 15:27:08,307 INFO sqlalchemy.engine.Engine [cached since 115.9s ago] ('c0000001-0000-0000-0000-000000000000',)
2026-08-11 15:27:08,307 INFO sqlalchemy.engine.Engine SELECT trip_plans.id, trip_plans.user_id, trip_plans.title, trip_plans.start_date, trip_plans.end_date, trip_plans.destinations, trip_plans.preferences, trip_plans.total_budget, trip_plans.group_size, trip_plans.status, trip_plans.created_at, trip_plans.updated_at 
FROM trip_plans
2026-08-11 15:27:08,307 INFO sqlalchemy.engine.Engine [cached since 422s ago] ()
2026-08-11 15:27:08,307 INFO sqlalchemy.engine.Engine COMMIT
2026-08-11 15:27:08,307 INFO sqlalchemy.engine.Engine BEGIN (implicit)
2026-08-11 15:27:08,307 INFO sqlalchemy.engine.Engine SELECT trip_plans.id, trip_plans.user_id, trip_plans.title, trip_plans.start_date, trip_plans.end_date, trip_plans.destinations, trip_plans.preferences, trip_plans.total_budget, trip_plans.group_size, trip_plans.status, trip_plans.created_at, trip_plans.updated_at 
FROM trip_plans 
WHERE trip_plans.user_id = $1::UUID ORDER BY trip_plans.updated_at DESC 
 LIMIT $2::INTEGER OFFSET $3::INTEGER
2026-08-11 15:27:08,307 INFO sqlalchemy.engine.Engine [cached since 115.8s ago] ('c0000001-0000-0000-0000-000000000000', 20, 0)
2026-08-11 15:27:08,315 INFO sqlalchemy.engine.Engine ROLLBACK
INFO:     127.0.0.1:59683 - "GET /api/trips/ HTTP/1.1" 200 OK
2026-08-11 15:27:12,152 INFO sqlalchemy.engine.Engine BEGIN (implicit)
2026-08-11 15:27:12,157 INFO sqlalchemy.engine.Engine SELECT users.id, users.username, users.email, users.hashed_password, users.avatar_url, users.preferences, users.created_at, users.updated_at, users.is_active 
FROM users 
WHERE users.id = $1::UUID
2026-08-11 15:27:12,157 INFO sqlalchemy.engine.Engine [cached since 119.7s ago] ('c0000001-0000-0000-0000-000000000000',)
2026-08-11 15:27:12,162 INFO sqlalchemy.engine.Engine ROLLBACK
INFO:     127.0.0.1:59683 - "GET /api/auth/me HTTP/1.1" 200 OK
2026-08-11 15:27:12,169 INFO sqlalchemy.engine.Engine BEGIN (implicit)
2026-08-11 15:27:12,171 INFO sqlalchemy.engine.Engine SELECT users.id, users.username, users.email, users.hashed_password, users.avatar_url, users.preferences, users.created_at, users.updated_at, users.is_active 
FROM users 
WHERE users.id = $1::UUID
2026-08-11 15:27:12,171 INFO sqlalchemy.engine.Engine [cached since 119.7s ago] ('c0000001-0000-0000-0000-000000000000',)
2026-08-11 15:27:12,173 INFO sqlalchemy.engine.Engine ROLLBACK
INFO:     127.0.0.1:58016 - "GET /api/auth/me HTTP/1.1" 200 OK
INFO:     127.0.0.1:58016 - "GET /api/trips HTTP/1.1" 307 Temporary Redirect
INFO:     127.0.0.1:59683 - "GET /api/trips HTTP/1.1" 307 Temporary Redirect
2026-08-11 15:27:14,673 INFO sqlalchemy.engine.Engine BEGIN (implicit)
2026-08-11 15:27:14,673 INFO sqlalchemy.engine.Engine SELECT users.id, users.username, users.email, users.hashed_password, users.avatar_url, users.preferences, users.created_at, users.updated_at, users.is_active 
FROM users 
WHERE users.id = $1::UUID
2026-08-11 15:27:14,673 INFO sqlalchemy.engine.Engine [cached since 122.2s ago] ('c0000001-0000-0000-0000-000000000000',)
2026-08-11 15:27:14,677 INFO sqlalchemy.engine.Engine SELECT trip_plans.id, trip_plans.user_id, trip_plans.title, trip_plans.start_date, trip_plans.end_date, trip_plans.destinations, trip_plans.preferences, trip_plans.total_budget, trip_plans.group_size, trip_plans.status, trip_plans.created_at, trip_plans.updated_at 
FROM trip_plans
2026-08-11 15:27:14,677 INFO sqlalchemy.engine.Engine [cached since 428.4s ago] ()
2026-08-11 15:27:14,677 INFO sqlalchemy.engine.Engine COMMIT
2026-08-11 15:27:14,677 INFO sqlalchemy.engine.Engine BEGIN (implicit)
2026-08-11 15:27:14,685 INFO sqlalchemy.engine.Engine SELECT trip_plans.id, trip_plans.user_id, trip_plans.title, trip_plans.start_date, trip_plans.end_date, trip_plans.destinations, trip_plans.preferences, trip_plans.total_budget, trip_plans.group_size, trip_plans.status, trip_plans.created_at, trip_plans.updated_at 
FROM trip_plans 
WHERE trip_plans.user_id = $1::UUID ORDER BY trip_plans.updated_at DESC 
 LIMIT $2::INTEGER OFFSET $3::INTEGER
2026-08-11 15:27:14,685 INFO sqlalchemy.engine.Engine [cached since 122.2s ago] ('c0000001-0000-0000-0000-000000000000', 20, 0)
2026-08-11 15:27:14,685 INFO sqlalchemy.engine.Engine ROLLBACK
INFO:     127.0.0.1:58016 - "GET /api/trips/ HTTP/1.1" 200 OK
2026-08-11 15:27:14,685 INFO sqlalchemy.engine.Engine BEGIN (implicit)
2026-08-11 15:27:14,685 INFO sqlalchemy.engine.Engine SELECT users.id, users.username, users.email, users.hashed_password, users.avatar_url, users.preferences, users.created_at, users.updated_at, users.is_active 
FROM users 
WHERE users.id = $1::UUID
2026-08-11 15:27:14,693 INFO sqlalchemy.engine.Engine [cached since 122.2s ago] ('c0000001-0000-0000-0000-000000000000',)
2026-08-11 15:27:14,693 INFO sqlalchemy.engine.Engine SELECT trip_plans.id, trip_plans.user_id, trip_plans.title, trip_plans.start_date, trip_plans.end_date, trip_plans.destinations, trip_plans.preferences, trip_plans.total_budget, trip_plans.group_size, trip_plans.status, trip_plans.created_at, trip_plans.updated_at 
FROM trip_plans
2026-08-11 15:27:14,693 INFO sqlalchemy.engine.Engine [cached since 428.4s ago] ()
2026-08-11 15:27:14,693 INFO sqlalchemy.engine.Engine COMMIT
2026-08-11 15:27:14,693 INFO sqlalchemy.engine.Engine BEGIN (implicit)
2026-08-11 15:27:14,702 INFO sqlalchemy.engine.Engine SELECT trip_plans.id, trip_plans.user_id, trip_plans.title, trip_plans.start_date, trip_plans.end_date, trip_plans.destinations, trip_plans.preferences, trip_plans.total_budget, trip_plans.group_size, trip_plans.status, trip_plans.created_at, trip_plans.updated_at 
FROM trip_plans 
WHERE trip_plans.user_id = $1::UUID ORDER BY trip_plans.updated_at DESC 
 LIMIT $2::INTEGER OFFSET $3::INTEGER
2026-08-11 15:27:14,702 INFO sqlalchemy.engine.Engine [cached since 122.2s ago] ('c0000001-0000-0000-0000-000000000000', 20, 0)
2026-08-11 15:27:14,702 INFO sqlalchemy.engine.Engine ROLLBACK
INFO:     127.0.0.1:59683 - "GET /api/trips/ HTTP/1.1" 200 OK
INFO:     127.0.0.1:63199 - "OPTIONS /api/auth/login HTTP/1.1" 200 OK
2026-08-11 15:29:09,452 INFO sqlalchemy.engine.Engine BEGIN (implicit)
2026-08-11 15:29:09,453 INFO sqlalchemy.engine.Engine SELECT users.id, users.username, users.email, users.hashed_password, users.avatar_url, users.preferences, users.created_at, users.updated_at, users.is_active 
FROM users 
WHERE users.username = $1::VARCHAR
2026-08-11 15:29:09,454 INFO sqlalchemy.engine.Engine [cached since 237.5s ago] ('mus',)
2026-08-11 15:29:09,838 INFO sqlalchemy.engine.Engine ROLLBACK
INFO:     127.0.0.1:63199 - "POST /api/auth/login HTTP/1.1" 200 OK
INFO:     127.0.0.1:63199 - "OPTIONS /api/auth/me HTTP/1.1" 200 OK
2026-08-11 15:29:09,851 INFO sqlalchemy.engine.Engine BEGIN (implicit)
2026-08-11 15:29:09,851 INFO sqlalchemy.engine.Engine SELECT users.id, users.username, users.email, users.hashed_password, users.avatar_url, users.preferences, users.created_at, users.updated_at, users.is_active 
FROM users 
WHERE users.id = $1::UUID
2026-08-11 15:29:09,852 INFO sqlalchemy.engine.Engine [cached since 237.4s ago] ('a73f37b5-4195-4b33-aed5-c558ebf18d45',)
2026-08-11 15:29:09,853 INFO sqlalchemy.engine.Engine ROLLBACK
INFO:     127.0.0.1:63199 - "GET /api/auth/me HTTP/1.1" 200 OK
INFO:     127.0.0.1:63199 - "OPTIONS /api/trips HTTP/1.1" 200 OK
INFO:     127.0.0.1:64111 - "OPTIONS /api/trips HTTP/1.1" 200 OK
INFO:     127.0.0.1:64111 - "GET /api/trips HTTP/1.1" 307 Temporary Redirect
INFO:     127.0.0.1:64111 - "GET /api/trips HTTP/1.1" 307 Temporary Redirect
INFO:     127.0.0.1:64111 - "OPTIONS /api/trips/ HTTP/1.1" 200 OK
INFO:     127.0.0.1:63199 - "OPTIONS /api/trips/ HTTP/1.1" 200 OK
2026-08-11 15:29:09,896 INFO sqlalchemy.engine.Engine BEGIN (implicit)
2026-08-11 15:29:09,897 INFO sqlalchemy.engine.Engine SELECT users.id, users.username, users.email, users.hashed_password, users.avatar_url, users.preferences, users.created_at, users.updated_at, users.is_active 
FROM users 
WHERE users.id = $1::UUID
2026-08-11 15:29:09,898 INFO sqlalchemy.engine.Engine [cached since 237.4s ago] ('a73f37b5-4195-4b33-aed5-c558ebf18d45',)
2026-08-11 15:29:09,901 INFO sqlalchemy.engine.Engine SELECT trip_plans.id, trip_plans.user_id, trip_plans.title, trip_plans.start_date, trip_plans.end_date, trip_plans.destinations, trip_plans.preferences, trip_plans.total_budget, trip_plans.group_size, trip_plans.status, trip_plans.created_at, trip_plans.updated_at 
FROM trip_plans
2026-08-11 15:29:09,901 INFO sqlalchemy.engine.Engine [cached since 543.6s ago] ()
2026-08-11 15:29:09,902 INFO sqlalchemy.engine.Engine COMMIT
2026-08-11 15:29:09,905 INFO sqlalchemy.engine.Engine BEGIN (implicit)
2026-08-11 15:29:09,905 INFO sqlalchemy.engine.Engine SELECT trip_plans.id, trip_plans.user_id, trip_plans.title, trip_plans.start_date, trip_plans.end_date, trip_plans.destinations, trip_plans.preferences, trip_plans.total_budget, trip_plans.group_size, trip_plans.status, trip_plans.created_at, trip_plans.updated_at 
FROM trip_plans 
WHERE trip_plans.user_id = $1::UUID ORDER BY trip_plans.updated_at DESC 
 LIMIT $2::INTEGER OFFSET $3::INTEGER
2026-08-11 15:29:09,906 INFO sqlalchemy.engine.Engine [cached since 237.4s ago] ('a73f37b5-4195-4b33-aed5-c558ebf18d45', 20, 0)
2026-08-11 15:29:09,907 INFO sqlalchemy.engine.Engine ROLLBACK
INFO:     127.0.0.1:64111 - "GET /api/trips/ HTTP/1.1" 200 OK
2026-08-11 15:29:09,912 INFO sqlalchemy.engine.Engine BEGIN (implicit)
2026-08-11 15:29:09,913 INFO sqlalchemy.engine.Engine SELECT users.id, users.username, users.email, users.hashed_password, users.avatar_url, users.preferences, users.created_at, users.updated_at, users.is_active 
FROM users 
WHERE users.id = $1::UUID
2026-08-11 15:29:09,913 INFO sqlalchemy.engine.Engine [cached since 237.5s ago] ('a73f37b5-4195-4b33-aed5-c558ebf18d45',)
2026-08-11 15:29:09,915 INFO sqlalchemy.engine.Engine SELECT trip_plans.id, trip_plans.user_id, trip_plans.title, trip_plans.start_date, trip_plans.end_date, trip_plans.destinations, trip_plans.preferences, trip_plans.total_budget, trip_plans.group_size, trip_plans.status, trip_plans.created_at, trip_plans.updated_at 
FROM trip_plans
2026-08-11 15:29:09,915 INFO sqlalchemy.engine.Engine [cached since 543.6s ago] ()
2026-08-11 15:29:09,917 INFO sqlalchemy.engine.Engine COMMIT
2026-08-11 15:29:09,918 INFO sqlalchemy.engine.Engine BEGIN (implicit)
2026-08-11 15:29:09,918 INFO sqlalchemy.engine.Engine SELECT trip_plans.id, trip_plans.user_id, trip_plans.title, trip_plans.start_date, trip_plans.end_date, trip_plans.destinations, trip_plans.preferences, trip_plans.total_budget, trip_plans.group_size, trip_plans.status, trip_plans.created_at, trip_plans.updated_at 
FROM trip_plans 
WHERE trip_plans.user_id = $1::UUID ORDER BY trip_plans.updated_at DESC 
 LIMIT $2::INTEGER OFFSET $3::INTEGER
2026-08-11 15:29:09,918 INFO sqlalchemy.engine.Engine [cached since 237.4s ago] ('a73f37b5-4195-4b33-aed5-c558ebf18d45', 20, 0)
2026-08-11 15:29:09,919 INFO sqlalchemy.engine.Engine ROLLBACK
INFO:     127.0.0.1:63199 - "GET /api/trips/ HTTP/1.1" 200 OK
2026-08-11 15:29:12,080 INFO sqlalchemy.engine.Engine BEGIN (implicit)
2026-08-11 15:29:12,080 INFO sqlalchemy.engine.Engine SELECT users.id, users.username, users.email, users.hashed_password, users.avatar_url, users.preferences, users.created_at, users.updated_at, users.is_active 
FROM users 
WHERE users.id = $1::UUID
2026-08-11 15:29:12,080 INFO sqlalchemy.engine.Engine [cached since 239.6s ago] ('a73f37b5-4195-4b33-aed5-c558ebf18d45',)
2026-08-11 15:29:12,080 INFO sqlalchemy.engine.Engine ROLLBACK
INFO:     127.0.0.1:63199 - "GET /api/auth/me HTTP/1.1" 200 OK
2026-08-11 15:29:12,090 INFO sqlalchemy.engine.Engine BEGIN (implicit)
2026-08-11 15:29:12,091 INFO sqlalchemy.engine.Engine SELECT users.id, users.username, users.email, users.hashed_password, users.avatar_url, users.preferences, users.created_at, users.updated_at, users.is_active 
FROM users 
WHERE users.id = $1::UUID
2026-08-11 15:29:12,091 INFO sqlalchemy.engine.Engine [cached since 239.6s ago] ('a73f37b5-4195-4b33-aed5-c558ebf18d45',)
2026-08-11 15:29:12,091 INFO sqlalchemy.engine.Engine ROLLBACK
INFO:     127.0.0.1:64111 - "GET /api/auth/me HTTP/1.1" 200 OK
2026-08-11 15:29:22,938 INFO sqlalchemy.engine.Engine BEGIN (implicit)
2026-08-11 15:29:22,941 INFO sqlalchemy.engine.Engine SELECT users.id, users.username, users.email, users.hashed_password, users.avatar_url, users.preferences, users.created_at, users.updated_at, users.is_active 
FROM users 
WHERE users.username = $1::VARCHAR
2026-08-11 15:29:22,942 INFO sqlalchemy.engine.Engine [cached since 251s ago] ('testuser',)
2026-08-11 15:29:23,343 INFO sqlalchemy.engine.Engine ROLLBACK
INFO:     127.0.0.1:50165 - "POST /api/auth/login HTTP/1.1" 200 OK
2026-08-11 15:29:23,359 INFO sqlalchemy.engine.Engine BEGIN (implicit)
2026-08-11 15:29:23,359 INFO sqlalchemy.engine.Engine SELECT users.id, users.username, users.email, users.hashed_password, users.avatar_url, users.preferences, users.created_at, users.updated_at, users.is_active 
FROM users 
WHERE users.id = $1::UUID
2026-08-11 15:29:23,359 INFO sqlalchemy.engine.Engine [cached since 250.9s ago] ('7b996093-404a-4d36-8172-aedaeb417a95',)
2026-08-11 15:29:23,359 INFO sqlalchemy.engine.Engine ROLLBACK
INFO:     127.0.0.1:50165 - "GET /api/auth/me HTTP/1.1" 200 OK
INFO:     127.0.0.1:50165 - "GET /api/trips HTTP/1.1" 307 Temporary Redirect
INFO:     127.0.0.1:51539 - "GET /api/trips HTTP/1.1" 307 Temporary Redirect
2026-08-11 15:29:23,387 INFO sqlalchemy.engine.Engine BEGIN (implicit)
2026-08-11 15:29:23,387 INFO sqlalchemy.engine.Engine SELECT users.id, users.username, users.email, users.hashed_password, users.avatar_url, users.preferences, users.created_at, users.updated_at, users.is_active 
FROM users 
WHERE users.id = $1::UUID
2026-08-11 15:29:23,387 INFO sqlalchemy.engine.Engine [cached since 250.9s ago] ('7b996093-404a-4d36-8172-aedaeb417a95',)
2026-08-11 15:29:23,396 INFO sqlalchemy.engine.Engine SELECT trip_plans.id, trip_plans.user_id, trip_plans.title, trip_plans.start_date, trip_plans.end_date, trip_plans.destinations, trip_plans.preferences, trip_plans.total_budget, trip_plans.group_size, trip_plans.status, trip_plans.created_at, trip_plans.updated_at 
FROM trip_plans
2026-08-11 15:29:23,396 INFO sqlalchemy.engine.Engine [cached since 557.1s ago] ()
2026-08-11 15:29:23,400 INFO sqlalchemy.engine.Engine COMMIT
2026-08-11 15:29:23,402 INFO sqlalchemy.engine.Engine BEGIN (implicit)
2026-08-11 15:29:23,402 INFO sqlalchemy.engine.Engine SELECT trip_plans.id, trip_plans.user_id, trip_plans.title, trip_plans.start_date, trip_plans.end_date, trip_plans.destinations, trip_plans.preferences, trip_plans.total_budget, trip_plans.group_size, trip_plans.status, trip_plans.created_at, trip_plans.updated_at 
FROM trip_plans 
WHERE trip_plans.user_id = $1::UUID ORDER BY trip_plans.updated_at DESC 
 LIMIT $2::INTEGER OFFSET $3::INTEGER
2026-08-11 15:29:23,404 INFO sqlalchemy.engine.Engine [cached since 250.9s ago] ('7b996093-404a-4d36-8172-aedaeb417a95', 20, 0)
2026-08-11 15:29:23,405 INFO sqlalchemy.engine.Engine ROLLBACK
INFO:     127.0.0.1:51539 - "GET /api/trips/ HTTP/1.1" 200 OK
2026-08-11 15:29:23,409 INFO sqlalchemy.engine.Engine BEGIN (implicit)
2026-08-11 15:29:23,409 INFO sqlalchemy.engine.Engine SELECT users.id, users.username, users.email, users.hashed_password, users.avatar_url, users.preferences, users.created_at, users.updated_at, users.is_active 
FROM users 
WHERE users.id = $1::UUID
2026-08-11 15:29:23,410 INFO sqlalchemy.engine.Engine [cached since 251s ago] ('7b996093-404a-4d36-8172-aedaeb417a95',)
2026-08-11 15:29:23,412 INFO sqlalchemy.engine.Engine SELECT trip_plans.id, trip_plans.user_id, trip_plans.title, trip_plans.start_date, trip_plans.end_date, trip_plans.destinations, trip_plans.preferences, trip_plans.total_budget, trip_plans.group_size, trip_plans.status, trip_plans.created_at, trip_plans.updated_at 
FROM trip_plans
2026-08-11 15:29:23,412 INFO sqlalchemy.engine.Engine [cached since 557.1s ago] ()
2026-08-11 15:29:23,414 INFO sqlalchemy.engine.Engine COMMIT
2026-08-11 15:29:23,414 INFO sqlalchemy.engine.Engine BEGIN (implicit)
2026-08-11 15:29:23,414 INFO sqlalchemy.engine.Engine SELECT trip_plans.id, trip_plans.user_id, trip_plans.title, trip_plans.start_date, trip_plans.end_date, trip_plans.destinations, trip_plans.preferences, trip_plans.total_budget, trip_plans.group_size, trip_plans.status, trip_plans.created_at, trip_plans.updated_at 
FROM trip_plans 
WHERE trip_plans.user_id = $1::UUID ORDER BY trip_plans.updated_at DESC 
 LIMIT $2::INTEGER OFFSET $3::INTEGER
2026-08-11 15:29:23,414 INFO sqlalchemy.engine.Engine [cached since 250.9s ago] ('7b996093-404a-4d36-8172-aedaeb417a95', 20, 0)
2026-08-11 15:29:23,417 INFO sqlalchemy.engine.Engine ROLLBACK
INFO:     127.0.0.1:50165 - "GET /api/trips/ HTTP/1.1" 200 OK
INFO:     127.0.0.1:50165 - "OPTIONS /api/trips/ac9d698a-38e0-48f8-8ea1-a76dd8cf9ef9 HTTP/1.1" 200 OK
INFO:     127.0.0.1:51539 - "OPTIONS /api/trips/ac9d698a-38e0-48f8-8ea1-a76dd8cf9ef9 HTTP/1.1" 200 OK
2026-08-11 15:29:25,427 INFO sqlalchemy.engine.Engine BEGIN (implicit)
2026-08-11 15:29:25,428 INFO sqlalchemy.engine.Engine SELECT users.id, users.username, users.email, users.hashed_password, users.avatar_url, users.preferences, users.created_at, users.updated_at, users.is_active 
FROM users 
WHERE users.id = $1::UUID
2026-08-11 15:29:25,428 INFO sqlalchemy.engine.Engine [cached since 253s ago] ('7b996093-404a-4d36-8172-aedaeb417a95',)
2026-08-11 15:29:25,431 INFO sqlalchemy.engine.Engine SELECT trip_plans.id, trip_plans.user_id, trip_plans.title, trip_plans.start_date, trip_plans.end_date, trip_plans.destinations, trip_plans.preferences, trip_plans.total_budget, trip_plans.group_size, trip_plans.status, trip_plans.created_at, trip_plans.updated_at 
FROM trip_plans 
WHERE trip_plans.id = $1::UUID AND trip_plans.user_id = $2::UUID
2026-08-11 15:29:25,431 INFO sqlalchemy.engine.Engine [cached since 160.6s ago] ('ac9d698a-38e0-48f8-8ea1-a76dd8cf9ef9', '7b996093-404a-4d36-8172-aedaeb417a95')
2026-08-11 15:29:25,431 INFO sqlalchemy.engine.Engine SELECT itinerary_items.id, itinerary_items.trip_id, itinerary_items.day_number, itinerary_items.order_index, itinerary_items.start_time, itinerary_items.end_time, itinerary_items.destination_id, itinerary_items.activity_type, itinerary_items.transport_mode, itinerary_items.transport_detail, itinerary_items.notes, itinerary_items.estimated_cost 
FROM itinerary_items 
WHERE itinerary_items.trip_id = $1::UUID ORDER BY itinerary_items.day_number, itinerary_items.order_index
2026-08-11 15:29:25,431 INFO sqlalchemy.engine.Engine [cached since 160.6s ago] ('ac9d698a-38e0-48f8-8ea1-a76dd8cf9ef9',)
2026-08-11 15:29:25,431 INFO sqlalchemy.engine.Engine SELECT destinations.id, destinations.name, destinations.name_en, destinations.description, destinations.location, destinations.country, destinations.city, destinations.address, destinations.category, destinations.images, destinations.rating, destinations.budget_per_person, destinations.suggested_duration, destinations.created_at 
FROM destinations 
WHERE destinations.id IN ($1::UUID, $2::UUID, $3::UUID, $4::UUID, $5::UUID, $6::UUID)
2026-08-11 15:29:25,431 INFO sqlalchemy.engine.Engine [cached since 160.5s ago] ('6bdeb88b-3613-4963-9aa3-6d0d6a2d6822', '14e75b57-b2d3-4fe0-bf47-35f12ed32103', '6bdeb88b-3613-4963-9aa3-6d0d6a2d6822', '14e75b57-b2d3-4fe0-bf47-35f12ed32103', '81900665-2758-4236-babf-0ffccbc8fcec', '95878a56-e513-4293-bc40-20e2207cd3fe')
2026-08-11 15:29:25,438 INFO sqlalchemy.engine.Engine ROLLBACK
INFO:     127.0.0.1:51539 - "GET /api/trips/ac9d698a-38e0-48f8-8ea1-a76dd8cf9ef9 HTTP/1.1" 200 OK
2026-08-11 15:29:25,440 INFO sqlalchemy.engine.Engine BEGIN (implicit)
2026-08-11 15:29:25,440 INFO sqlalchemy.engine.Engine SELECT users.id, users.username, users.email, users.hashed_password, users.avatar_url, users.preferences, users.created_at, users.updated_at, users.is_active 
FROM users 
WHERE users.id = $1::UUID
2026-08-11 15:29:25,440 INFO sqlalchemy.engine.Engine [cached since 253s ago] ('7b996093-404a-4d36-8172-aedaeb417a95',)
2026-08-11 15:29:25,440 INFO sqlalchemy.engine.Engine SELECT trip_plans.id, trip_plans.user_id, trip_plans.title, trip_plans.start_date, trip_plans.end_date, trip_plans.destinations, trip_plans.preferences, trip_plans.total_budget, trip_plans.group_size, trip_plans.status, trip_plans.created_at, trip_plans.updated_at 
FROM trip_plans 
WHERE trip_plans.id = $1::UUID AND trip_plans.user_id = $2::UUID
2026-08-11 15:29:25,440 INFO sqlalchemy.engine.Engine [cached since 160.6s ago] ('ac9d698a-38e0-48f8-8ea1-a76dd8cf9ef9', '7b996093-404a-4d36-8172-aedaeb417a95')
2026-08-11 15:29:25,440 INFO sqlalchemy.engine.Engine SELECT itinerary_items.id, itinerary_items.trip_id, itinerary_items.day_number, itinerary_items.order_index, itinerary_items.start_time, itinerary_items.end_time, itinerary_items.destination_id, itinerary_items.activity_type, itinerary_items.transport_mode, itinerary_items.transport_detail, itinerary_items.notes, itinerary_items.estimated_cost 
FROM itinerary_items 
WHERE itinerary_items.trip_id = $1::UUID ORDER BY itinerary_items.day_number, itinerary_items.order_index
2026-08-11 15:29:25,440 INFO sqlalchemy.engine.Engine [cached since 160.6s ago] ('ac9d698a-38e0-48f8-8ea1-a76dd8cf9ef9',)
2026-08-11 15:29:25,440 INFO sqlalchemy.engine.Engine SELECT destinations.id, destinations.name, destinations.name_en, destinations.description, destinations.location, destinations.country, destinations.city, destinations.address, destinations.category, destinations.images, destinations.rating, destinations.budget_per_person, destinations.suggested_duration, destinations.created_at 
FROM destinations 
WHERE destinations.id IN ($1::UUID, $2::UUID, $3::UUID, $4::UUID, $5::UUID, $6::UUID)
2026-08-11 15:29:25,440 INFO sqlalchemy.engine.Engine [cached since 160.6s ago] ('6bdeb88b-3613-4963-9aa3-6d0d6a2d6822', '14e75b57-b2d3-4fe0-bf47-35f12ed32103', '6bdeb88b-3613-4963-9aa3-6d0d6a2d6822', '14e75b57-b2d3-4fe0-bf47-35f12ed32103', '81900665-2758-4236-babf-0ffccbc8fcec', '95878a56-e513-4293-bc40-20e2207cd3fe')
2026-08-11 15:29:25,448 INFO sqlalchemy.engine.Engine ROLLBACK
INFO:     127.0.0.1:50165 - "GET /api/trips/ac9d698a-38e0-48f8-8ea1-a76dd8cf9ef9 HTTP/1.1" 200 OK
INFO:     127.0.0.1:56382 - "GET /api/trips HTTP/1.1" 307 Temporary Redirect
INFO:     127.0.0.1:56382 - "GET /api/trips HTTP/1.1" 307 Temporary Redirect
2026-08-11 15:29:41,396 INFO sqlalchemy.engine.Engine BEGIN (implicit)
2026-08-11 15:29:41,403 INFO sqlalchemy.engine.Engine SELECT users.id, users.username, users.email, users.hashed_password, users.avatar_url, users.preferences, users.created_at, users.updated_at, users.is_active 
FROM users 
WHERE users.id = $1::UUID
2026-08-11 15:29:41,403 INFO sqlalchemy.engine.Engine [cached since 268.9s ago] ('7b996093-404a-4d36-8172-aedaeb417a95',)
2026-08-11 15:29:41,403 INFO sqlalchemy.engine.Engine SELECT trip_plans.id, trip_plans.user_id, trip_plans.title, trip_plans.start_date, trip_plans.end_date, trip_plans.destinations, trip_plans.preferences, trip_plans.total_budget, trip_plans.group_size, trip_plans.status, trip_plans.created_at, trip_plans.updated_at 
FROM trip_plans
2026-08-11 15:29:41,403 INFO sqlalchemy.engine.Engine [cached since 575.1s ago] ()
2026-08-11 15:29:41,403 INFO sqlalchemy.engine.Engine COMMIT
2026-08-11 15:29:41,403 INFO sqlalchemy.engine.Engine BEGIN (implicit)
2026-08-11 15:29:41,403 INFO sqlalchemy.engine.Engine SELECT trip_plans.id, trip_plans.user_id, trip_plans.title, trip_plans.start_date, trip_plans.end_date, trip_plans.destinations, trip_plans.preferences, trip_plans.total_budget, trip_plans.group_size, trip_plans.status, trip_plans.created_at, trip_plans.updated_at 
FROM trip_plans 
WHERE trip_plans.user_id = $1::UUID ORDER BY trip_plans.updated_at DESC 
 LIMIT $2::INTEGER OFFSET $3::INTEGER
2026-08-11 15:29:41,403 INFO sqlalchemy.engine.Engine [cached since 268.9s ago] ('7b996093-404a-4d36-8172-aedaeb417a95', 20, 0)
2026-08-11 15:29:41,412 INFO sqlalchemy.engine.Engine ROLLBACK
INFO:     127.0.0.1:56382 - "GET /api/trips/ HTTP/1.1" 200 OK
2026-08-11 15:29:41,412 INFO sqlalchemy.engine.Engine BEGIN (implicit)
2026-08-11 15:29:41,412 INFO sqlalchemy.engine.Engine SELECT users.id, users.username, users.email, users.hashed_password, users.avatar_url, users.preferences, users.created_at, users.updated_at, users.is_active 
FROM users 
WHERE users.id = $1::UUID
2026-08-11 15:29:41,412 INFO sqlalchemy.engine.Engine [cached since 269s ago] ('7b996093-404a-4d36-8172-aedaeb417a95',)
2026-08-11 15:29:41,421 INFO sqlalchemy.engine.Engine SELECT trip_plans.id, trip_plans.user_id, trip_plans.title, trip_plans.start_date, trip_plans.end_date, trip_plans.destinations, trip_plans.preferences, trip_plans.total_budget, trip_plans.group_size, trip_plans.status, trip_plans.created_at, trip_plans.updated_at 
FROM trip_plans
2026-08-11 15:29:41,421 INFO sqlalchemy.engine.Engine [cached since 575.2s ago] ()
2026-08-11 15:29:41,421 INFO sqlalchemy.engine.Engine COMMIT
2026-08-11 15:29:41,421 INFO sqlalchemy.engine.Engine BEGIN (implicit)
2026-08-11 15:29:41,421 INFO sqlalchemy.engine.Engine SELECT trip_plans.id, trip_plans.user_id, trip_plans.title, trip_plans.start_date, trip_plans.end_date, trip_plans.destinations, trip_plans.preferences, trip_plans.total_budget, trip_plans.group_size, trip_plans.status, trip_plans.created_at, trip_plans.updated_at 
FROM trip_plans 
WHERE trip_plans.user_id = $1::UUID ORDER BY trip_plans.updated_at DESC 
 LIMIT $2::INTEGER OFFSET $3::INTEGER
2026-08-11 15:29:41,421 INFO sqlalchemy.engine.Engine [cached since 268.9s ago] ('7b996093-404a-4d36-8172-aedaeb417a95', 20, 0)
2026-08-11 15:29:41,429 INFO sqlalchemy.engine.Engine ROLLBACK
INFO:     127.0.0.1:56382 - "GET /api/trips/ HTTP/1.1" 200 OK
